=== task 19 | use_taylor_slope=TRUE | cfg=1 lambda=0.1 epochs=34 seed=43 | node=gcn76.local.snellius.surf.nl ===
  -> vis_taylor_sym_l0.1_tslope_e34_s43
Device cuda | seed 43 | out /gpfs/scratch1/shared/hionescu/project_pinn/pinn/runs/confirm/stage3_vision

================================================================================
  STAGE 3: vis_taylor_sym_l0.1_tslope_e34_s43  (backbone=efficientnetv2_s, data_loss=mse)
  physics: lambda_max=0.1 warmup=2 apply_to=all one_sided=False taylor_slope=True
================================================================================
[MATWIVisionDataset] split=train | set_range=1-13 | norm=dataset | augment=False | n_samples=664 | wear_cap=450.0µm | impute_zero=False
[MATWIVisionDataset] split=val | set_range=1-13 | norm=dataset | augment=False | n_samples=301 | wear_cap=450.0µm | impute_zero=False
[MATWIVisionDataset] split=test | set_range=1-13 | norm=dataset | augment=False | n_samples=254 | wear_cap=450.0µm | impute_zero=False
[MATWIVisionDataset] split=unseen | set_range=1-13 | norm=dataset | augment=False | n_samples=0 | wear_cap=450.0µm | impute_zero=False
  [warn] split='unseen' empty, skipping.
  Loaders: train: 664  |  val: 301  |  test: 254
[MATWIVisionModel] backbone=efficientnetv2_s | head=simple | feat_dim=1280 | pretrained=True
  Total params    : 20,178,769
  Trainable params: 20,178,769
  PhysicsLoss: [CK45(n=0.25,C=448.1387), RVS 304(n=-0.129526,C=72.297)] lambda_max=0.1 warmup=2 window=(0.15,0.85) apply_to=all one_sided=False taylor_slope=True
  [01/34] data=0.16990 phys=0.012704 train_mae=119.5µm | val overall=173.05µm  flank=200.81  adh=64.78  f+a=141.73  (n=301) (58.8s)
    ✓ new best val_mae=173.05µm
  [02/34] data=0.08008 phys=0.009015 train_mae=145.5µm | val overall=130.10µm  flank=149.12  adh=113.39  f+a=104.91  (n=301) (37.0s)
    ✓ new best val_mae=130.10µm
  [03/34] data=0.07165 phys=0.009313 train_mae=131.7µm | val overall=91.49µm  flank=90.70  adh=67.75  f+a=94.13  (n=301) (35.7s)
    ✓ new best val_mae=91.49µm
  [04/34] data=0.02609 phys=0.004826 train_mae=99.8µm | val overall=77.96µm  flank=81.33  adh=43.74  f+a=75.52  (n=301) (34.1s)
    ✓ new best val_mae=77.96µm
  [05/34] data=0.00754 phys=0.003076 train_mae=64.2µm | val overall=50.58µm  flank=50.81  adh=27.64  f+a=51.76  (n=301) (35.1s)
    ✓ new best val_mae=50.58µm
  [06/34] data=0.00423 phys=0.002801 train_mae=48.8µm | val overall=52.20µm  flank=52.48  adh=45.12  f+a=52.26  (n=301) (33.6s)
  [07/34] data=0.00320 phys=0.002993 train_mae=43.0µm | val overall=58.32µm  flank=59.28  adh=48.94  f+a=57.60  (n=301) (33.6s)
  [08/34] data=0.00289 phys=0.002610 train_mae=41.4µm | val overall=48.68µm  flank=46.28  adh=38.26  f+a=52.67  (n=301) (35.0s)
    ✓ new best val_mae=48.68µm
  [09/34] data=0.00249 phys=0.002852 train_mae=38.4µm | val overall=46.38µm  flank=42.18  adh=29.18  f+a=53.31  (n=301) (39.5s)
    ✓ new best val_mae=46.38µm
  [10/34] data=0.00214 phys=0.002540 train_mae=35.8µm | val overall=44.51µm  flank=42.02  adh=36.20  f+a=48.49  (n=301) (34.7s)
    ✓ new best val_mae=44.51µm
  [11/34] data=0.00190 phys=0.002646 train_mae=34.6µm | val overall=47.28µm  flank=43.95  adh=16.44  f+a=53.88  (n=301) (36.6s)
  [12/34] data=0.00191 phys=0.002676 train_mae=34.2µm | val overall=44.21µm  flank=39.34  adh=34.74  f+a=51.56  (n=301) (37.9s)
    ✓ new best val_mae=44.21µm
  [13/34] data=0.00183 phys=0.002621 train_mae=32.7µm | val overall=56.21µm  flank=56.18  adh=57.16  f+a=56.19  (n=301) (37.6s)
  [14/34] data=0.00184 phys=0.002636 train_mae=33.2µm | val overall=43.36µm  flank=39.66  adh=33.20  f+a=49.13  (n=301) (37.6s)
    ✓ new best val_mae=43.36µm
  [15/34] data=0.00137 phys=0.002638 train_mae=29.0µm | val overall=49.46µm  flank=47.65  adh=49.10  f+a=52.00  (n=301) (33.8s)
  [16/34] data=0.00144 phys=0.002606 train_mae=30.1µm | val overall=47.41µm  flank=45.21  adh=39.98  f+a=50.94  (n=301) (36.5s)
  [17/34] data=0.00119 phys=0.002590 train_mae=27.3µm | val overall=48.06µm  flank=47.44  adh=44.11  f+a=49.17  (n=301) (37.3s)
  [18/34] data=0.00111 phys=0.002511 train_mae=25.9µm | val overall=41.64µm  flank=37.73  adh=26.82  f+a=48.00  (n=301) (37.0s)
    ✓ new best val_mae=41.64µm
  [19/34] data=0.00107 phys=0.002589 train_mae=25.9µm | val overall=44.88µm  flank=42.97  adh=35.44  f+a=48.13  (n=301) (35.3s)
  [20/34] data=0.00092 phys=0.002610 train_mae=24.7µm | val overall=41.90µm  flank=39.62  adh=34.16  f+a=45.54  (n=301) (33.9s)
  [21/34] data=0.00096 phys=0.002459 train_mae=24.7µm | val overall=41.38µm  flank=39.08  adh=31.65  f+a=45.20  (n=301) (37.2s)
    ✓ new best val_mae=41.38µm
  [22/34] data=0.00082 phys=0.002597 train_mae=22.3µm | val overall=46.47µm  flank=45.74  adh=41.70  f+a=47.79  (n=301) (37.3s)
  [23/34] data=0.00097 phys=0.002490 train_mae=25.0µm | val overall=42.64µm  flank=39.54  adh=32.47  f+a=47.58  (n=301) (36.6s)
  [24/34] data=0.00075 phys=0.002571 train_mae=22.0µm | val overall=42.86µm  flank=40.29  adh=34.96  f+a=46.91  (n=301) (36.1s)
  [25/34] data=0.00083 phys=0.002518 train_mae=22.8µm | val overall=43.36µm  flank=40.99  adh=35.46  f+a=47.17  (n=301) (33.6s)
  [26/34] data=0.00072 phys=0.002532 train_mae=21.6µm | val overall=47.86µm  flank=46.93  adh=44.29  f+a=49.39  (n=301) (37.1s)
  [27/34] data=0.00076 phys=0.002557 train_mae=22.0µm | val overall=46.26µm  flank=45.24  adh=41.99  f+a=47.94  (n=301) (38.2s)
  [28/34] data=0.00073 phys=0.002519 train_mae=21.4µm | val overall=45.32µm  flank=44.02  adh=40.22  f+a=47.44  (n=301) (37.5s)
  [29/34] data=0.00080 phys=0.002527 train_mae=23.0µm | val overall=44.77µm  flank=43.15  adh=39.72  f+a=47.33  (n=301) (38.0s)
  [30/34] data=0.00064 phys=0.002603 train_mae=20.6µm | val overall=45.23µm  flank=43.89  adh=40.64  f+a=47.39  (n=301) (34.3s)
  [31/34] data=0.00076 phys=0.002504 train_mae=22.2µm | val overall=45.85µm  flank=44.68  adh=41.40  f+a=47.76  (n=301) (37.9s)
  [32/34] data=0.00074 phys=0.002480 train_mae=21.9µm | val overall=44.39µm  flank=42.80  adh=38.55  f+a=46.96  (n=301) (38.3s)
  [33/34] data=0.00063 phys=0.002616 train_mae=20.1µm | val overall=44.28µm  flank=42.70  adh=38.17  f+a=46.86  (n=301) (37.1s)
  [34/34] data=0.00065 phys=0.002639 train_mae=20.4µm | val overall=43.97µm  flank=42.11  adh=37.25  f+a=46.98  (n=301) (35.8s)

  --- Final results: vis_taylor_sym_l0.1_tslope_e34_s43 (best epoch 21) ---
  [val    ] overall=41.38µm  flank=39.08  adh=31.65  f+a=45.20  (n=301)
  [test   ] overall=23.19µm  flank=21.93  adh=35.16  f+a=24.56  (n=254)
done: vis_taylor_sym_l0.1_tslope_e34_s43
