=== task 4 | use_taylor_slope=TRUE | cfg=0 lambda=0.02 epochs=34 seed=43 | node=gcn141.local.snellius.surf.nl ===
  -> t3gated_taylor_ceil_l0.02_tslope_e34_s43
[_load_module] train_vision_sensor_base <- /gpfs/scratch1/shared/hionescu/project_pinn/pinn/../vision-sensor/improve_attempt/train_vision_sensorV2.py
[_load_module] taylor_physics_loss <- /gpfs/scratch1/shared/hionescu/project_pinn/pinn/taylor_physics_loss.py
Device cuda | seed 43 | epochs 34 | out /gpfs/scratch1/shared/hionescu/project_pinn/pinn/runs/confirm/stage3_fusion

================================================================================
  STAGE 3 FUSION: t3gated_taylor_ceil_l0.02_tslope_e34_s43
  base=t3_gated_top25_md30 (fusion=gated, features=top25, mdrop=0.3)
  physics: lambda_max=0.02 warmup=2 apply_to=all one_sided=True taylor_slope=True
================================================================================
[MATWIMultimodalDataset] split=train | set_range=1-13 | norm=dataset | augment=False | n_samples=647 | wear_cap=450.0µm | feature_set=top25 (25 features) | scaler=None

  Fitting sensor scaler on 647 training samples...
[fit_sensor_scaler] Extracting features for 647 samples...
  100/647
  200/647
  300/647
  400/647
  500/647
  600/647
[fit_sensor_scaler] Done. Feature stats after standardisation:
  mean range : [-0.0000, 0.0000]  (should be ~0)
  std  range : [1.0000, 1.0000]  (should be ~1)
[MATWIMultimodalDataset] split=val | set_range=1-13 | norm=dataset | augment=False | n_samples=300 | wear_cap=450.0µm | feature_set=top25 (25 features) | scaler=fitted
[MATWIMultimodalDataset] split=test | set_range=1-13 | norm=dataset | augment=False | n_samples=247 | wear_cap=450.0µm | feature_set=top25 (25 features) | scaler=fitted
  Loaders: train: 647  |  val: 300  |  test: 247
[SensorScaler] Saved to /gpfs/scratch1/shared/hionescu/project_pinn/pinn/runs/confirm/stage3_fusion/t3gated_taylor_ceil_l0.02_tslope_e34_s43/sensor_scaler.pkl
[MATWIMultimodalModel] fusion=gated | n_sensor_feat=25 | modality_dropout_p=0.3 | pretrained=True
  Total params    : 20,186,002
  Trainable params: 20,186,002
  PhysicsLoss: [CK45(n=0.25,C=448.1387), RVS 304(n=-0.129526,C=72.297)] lambda_max=0.02 warmup=2 window=(0.15,0.85) apply_to=all one_sided=True taylor_slope=True
  [01/34] data=0.06718 phys=0.000097 gate=0.439 train_mae=118.5µm | val overall=85.56µm  flank=72.67  adh=38.09  f+a=106.06  (n=300) (72.6s)
    ✓ new best val_mae=85.56µm
  [02/34] data=0.00705 phys=0.000012 gate=0.530 train_mae=57.2µm | val overall=69.20µm  flank=61.30  adh=18.40  f+a=83.02  (n=300) (44.3s)
    ✓ new best val_mae=69.20µm
  [03/34] data=0.00338 phys=0.000012 gate=0.500 train_mae=40.0µm | val overall=50.97µm  flank=43.42  adh=18.51  f+a=63.25  (n=300) (43.4s)
    ✓ new best val_mae=50.97µm
  [04/34] data=0.00203 phys=0.000012 gate=0.452 train_mae=33.3µm | val overall=43.55µm  flank=39.74  adh=31.12  f+a=49.52  (n=300) (46.0s)
    ✓ new best val_mae=43.55µm
  [05/34] data=0.00160 phys=0.000015 gate=0.433 train_mae=30.8µm | val overall=43.14µm  flank=37.90  adh=25.53  f+a=51.38  (n=300) (44.2s)
    ✓ new best val_mae=43.14µm
  [06/34] data=0.00119 phys=0.000013 gate=0.433 train_mae=26.0µm | val overall=42.83µm  flank=38.07  adh=26.23  f+a=50.34  (n=300) (43.7s)
    ✓ new best val_mae=42.83µm
  [07/34] data=0.00111 phys=0.000013 gate=0.432 train_mae=25.2µm | val overall=47.90µm  flank=46.14  adh=14.38  f+a=52.25  (n=300) (45.3s)
  [08/34] data=0.00108 phys=0.000007 gate=0.435 train_mae=25.5µm | val overall=54.60µm  flank=54.68  adh=11.06  f+a=56.96  (n=300) (48.1s)
  [09/34] data=0.00071 phys=0.000014 gate=0.431 train_mae=20.5µm | val overall=41.60µm  flank=36.99  adh=27.56  f+a=48.77  (n=300) (44.9s)
    ✓ new best val_mae=41.60µm
  [10/34] data=0.00084 phys=0.000012 gate=0.424 train_mae=21.3µm | val overall=43.54µm  flank=41.83  adh=18.57  f+a=47.34  (n=300) (43.6s)
  [11/34] data=0.00080 phys=0.000010 gate=0.427 train_mae=20.7µm | val overall=42.08µm  flank=36.94  adh=35.61  f+a=49.56  (n=300) (47.8s)
  [12/34] data=0.00052 phys=0.000009 gate=0.422 train_mae=16.8µm | val overall=40.84µm  flank=35.97  adh=35.33  f+a=47.89  (n=300) (47.8s)
    ✓ new best val_mae=40.84µm
  [13/34] data=0.00049 phys=0.000011 gate=0.419 train_mae=16.9µm | val overall=39.01µm  flank=35.83  adh=27.30  f+a=44.08  (n=300) (44.2s)
    ✓ new best val_mae=39.01µm
  [14/34] data=0.00050 phys=0.000009 gate=0.415 train_mae=16.7µm | val overall=41.53µm  flank=41.83  adh=12.68  f+a=42.77  (n=300) (43.7s)
  [15/34] data=0.00042 phys=0.000012 gate=0.412 train_mae=15.6µm | val overall=38.99µm  flank=36.32  adh=20.88  f+a=43.72  (n=300) (45.2s)
    ✓ new best val_mae=38.99µm
  [16/34] data=0.00044 phys=0.000009 gate=0.411 train_mae=16.3µm | val overall=39.95µm  flank=34.52  adh=33.86  f+a=47.80  (n=300) (48.4s)
  [17/34] data=0.00060 phys=0.000009 gate=0.413 train_mae=19.2µm | val overall=43.49µm  flank=37.90  adh=41.39  f+a=51.32  (n=300) (44.1s)
  [18/34] data=0.00054 phys=0.000014 gate=0.405 train_mae=17.0µm | val overall=43.44µm  flank=39.61  adh=43.17  f+a=48.75  (n=300) (43.5s)
  [19/34] data=0.00041 phys=0.000009 gate=0.404 train_mae=15.5µm | val overall=38.89µm  flank=35.95  adh=22.35  f+a=43.90  (n=300) (46.4s)
    ✓ new best val_mae=38.89µm
  [20/34] data=0.00055 phys=0.000009 gate=0.406 train_mae=17.8µm | val overall=39.73µm  flank=34.07  adh=25.84  f+a=48.35  (n=300) (47.2s)
  [21/34] data=0.00030 phys=0.000010 gate=0.398 train_mae=13.0µm | val overall=41.28µm  flank=33.89  adh=33.47  f+a=51.94  (n=300) (44.4s)
  [22/34] data=0.00027 phys=0.000009 gate=0.397 train_mae=12.2µm | val overall=39.19µm  flank=33.68  adh=27.08  f+a=47.48  (n=300) (44.9s)
  [23/34] data=0.00028 phys=0.000008 gate=0.398 train_mae=12.8µm | val overall=40.29µm  flank=34.49  adh=34.64  f+a=48.62  (n=300) (47.1s)
  [24/34] data=0.00028 phys=0.000010 gate=0.398 train_mae=13.0µm | val overall=38.77µm  flank=33.16  adh=23.63  f+a=47.38  (n=300) (49.1s)
    ✓ new best val_mae=38.77µm
  [25/34] data=0.00030 phys=0.000009 gate=0.398 train_mae=12.6µm | val overall=38.50µm  flank=34.35  adh=20.00  f+a=45.29  (n=300) (44.4s)
    ✓ new best val_mae=38.50µm
  [26/34] data=0.00025 phys=0.000009 gate=0.398 train_mae=11.8µm | val overall=39.64µm  flank=33.32  adh=28.50  f+a=49.01  (n=300) (44.2s)
  [27/34] data=0.00028 phys=0.000009 gate=0.393 train_mae=13.1µm | val overall=38.34µm  flank=32.91  adh=25.35  f+a=46.57  (n=300) (44.0s)
    ✓ new best val_mae=38.34µm
  [28/34] data=0.00021 phys=0.000011 gate=0.393 train_mae=10.9µm | val overall=38.60µm  flank=33.30  adh=26.29  f+a=46.62  (n=300) (44.8s)
  [29/34] data=0.00024 phys=0.000011 gate=0.395 train_mae=12.3µm | val overall=39.06µm  flank=33.42  adh=23.82  f+a=47.72  (n=300) (50.3s)
  [30/34] data=0.00025 phys=0.000008 gate=0.393 train_mae=11.6µm | val overall=39.55µm  flank=33.25  adh=28.82  f+a=48.86  (n=300) (50.5s)
  [31/34] data=0.00020 phys=0.000010 gate=0.395 train_mae=10.5µm | val overall=38.85µm  flank=34.76  adh=22.37  f+a=45.44  (n=300) (51.1s)
  [32/34] data=0.00019 phys=0.000011 gate=0.394 train_mae=10.0µm | val overall=39.35µm  flank=34.22  adh=29.07  f+a=47.02  (n=300) (50.3s)
  [33/34] data=0.00028 phys=0.000009 gate=0.393 train_mae=12.8µm | val overall=39.56µm  flank=36.36  adh=19.63  f+a=45.11  (n=300) (51.1s)
  [34/34] data=0.00026 phys=0.000009 gate=0.387 train_mae=12.4µm | val overall=38.06µm  flank=33.94  adh=21.20  f+a=44.72  (n=300) (50.7s)
    ✓ new best val_mae=38.06µm

  --- Final results: t3gated_taylor_ceil_l0.02_tslope_e34_s43 (best epoch 34) ---
  [val    ] overall=38.06µm  flank=33.94  adh=21.20  f+a=44.72  (n=300)
  [test   ] overall=19.61µm  flank=17.35  adh=33.98  f+a=24.36  (n=247)
done: t3gated_taylor_ceil_l0.02_tslope_e34_s43
