=== task 0 -> t3gated_ctrl on gcn77.local.snellius.surf.nl ===
[_load_module] train_vision_sensor_base <- /gpfs/scratch1/shared/hionescu/project_pinn/pinn/../vision-sensor/improve_attempt/train_vision_sensorV2.py
[_load_module] taylor_physics_loss <- /gpfs/scratch1/shared/hionescu/project_pinn/pinn/taylor_physics_loss.py
Device cuda | seed 42 | out /gpfs/scratch1/shared/hionescu/project_pinn/pinn/runs/stage3_fusion

================================================================================
  STAGE 3 FUSION: t3gated_ctrl
  base=t3_gated_top25_md30 (fusion=gated, features=top25, mdrop=0.3)
  physics: lambda_max=0.0 warmup=4 apply_to=all one_sided=False taylor_slope=False
================================================================================
[MATWIMultimodalDataset] split=train | set_range=1-13 | norm=dataset | augment=False | n_samples=647 | wear_cap=450.0µm | feature_set=top25 (25 features) | scaler=None

  Fitting sensor scaler on 647 training samples...
[fit_sensor_scaler] Extracting features for 647 samples...
  100/647
  200/647
  300/647
  400/647
  500/647
  600/647
[fit_sensor_scaler] Done. Feature stats after standardisation:
  mean range : [-0.0000, 0.0000]  (should be ~0)
  std  range : [1.0000, 1.0000]  (should be ~1)
[MATWIMultimodalDataset] split=val | set_range=1-13 | norm=dataset | augment=False | n_samples=300 | wear_cap=450.0µm | feature_set=top25 (25 features) | scaler=fitted
[MATWIMultimodalDataset] split=test | set_range=1-13 | norm=dataset | augment=False | n_samples=247 | wear_cap=450.0µm | feature_set=top25 (25 features) | scaler=fitted
  Loaders: train: 647  |  val: 300  |  test: 247
[SensorScaler] Saved to /gpfs/scratch1/shared/hionescu/project_pinn/pinn/runs/stage3_fusion/t3gated_ctrl/sensor_scaler.pkl
[MATWIMultimodalModel] fusion=gated | n_sensor_feat=25 | modality_dropout_p=0.3 | pretrained=True
  Total params    : 20,186,002
  Trainable params: 20,186,002
  PhysicsLoss: [CK45(n=0.25,C=448.1387), RVS 304(n=-0.129526,C=72.297)] lambda_max=0.0 warmup=4 window=(0.15,0.85) apply_to=all one_sided=False taylor_slope=False
  [01/17] data=0.08188 phys=0.000000 gate=0.450 train_mae=121.6µm | val overall=115.10µm  flank=138.07  adh=120.05  f+a=83.07  (n=300) (90.1s)
    ✓ new best val_mae=115.10µm
  [02/17] data=0.01199 phys=0.000000 gate=0.494 train_mae=70.1µm | val overall=79.19µm  flank=94.28  adh=83.87  f+a=58.06  (n=300) (58.7s)
    ✓ new best val_mae=79.19µm
  [03/17] data=0.00501 phys=0.000000 gate=0.449 train_mae=50.0µm | val overall=46.93µm  flank=43.97  adh=27.27  f+a=52.16  (n=300) (52.0s)
    ✓ new best val_mae=46.93µm
  [04/17] data=0.00331 phys=0.000000 gate=0.427 train_mae=42.3µm | val overall=44.37µm  flank=45.15  adh=35.83  f+a=43.79  (n=300) (57.1s)
    ✓ new best val_mae=44.37µm
  [05/17] data=0.00247 phys=0.000000 gate=0.418 train_mae=36.8µm | val overall=50.43µm  flank=47.47  adh=11.65  f+a=56.74  (n=300) (60.3s)
  [06/17] data=0.00216 phys=0.000000 gate=0.413 train_mae=33.9µm | val overall=38.10µm  flank=36.39  adh=19.07  f+a=41.56  (n=300) (59.1s)
    ✓ new best val_mae=38.10µm
  [07/17] data=0.00158 phys=0.000000 gate=0.416 train_mae=30.6µm | val overall=40.36µm  flank=39.73  adh=30.95  f+a=41.78  (n=300) (52.2s)
  [08/17] data=0.00126 phys=0.000000 gate=0.421 train_mae=27.0µm | val overall=42.20µm  flank=45.40  adh=45.43  f+a=37.60  (n=300) (56.9s)
  [09/17] data=0.00104 phys=0.000000 gate=0.420 train_mae=24.5µm | val overall=38.62µm  flank=37.56  adh=28.55  f+a=40.66  (n=300) (58.8s)
  [10/17] data=0.00103 phys=0.000000 gate=0.426 train_mae=24.0µm | val overall=42.13µm  flank=45.80  adh=47.81  f+a=36.73  (n=300) (59.3s)
  [11/17] data=0.00116 phys=0.000000 gate=0.422 train_mae=25.3µm | val overall=42.73µm  flank=40.29  adh=29.07  f+a=46.88  (n=300) (53.3s)
  [12/17] data=0.00092 phys=0.000000 gate=0.426 train_mae=22.6µm | val overall=42.00µm  flank=39.55  adh=30.28  f+a=46.05  (n=300) (54.0s)
  [13/17] data=0.00080 phys=0.000000 gate=0.426 train_mae=21.6µm | val overall=46.35µm  flank=50.32  adh=57.33  f+a=40.23  (n=300) (57.1s)
  [14/17] data=0.00068 phys=0.000000 gate=0.427 train_mae=20.0µm | val overall=38.56µm  flank=36.80  adh=28.76  f+a=41.56  (n=300) (60.7s)
  [15/17] data=0.00064 phys=0.000000 gate=0.428 train_mae=19.3µm | val overall=40.09µm  flank=38.15  adh=24.26  f+a=43.67  (n=300) (60.1s)
  [16/17] data=0.00070 phys=0.000000 gate=0.423 train_mae=20.1µm | val overall=40.86µm  flank=42.42  adh=39.98  f+a=38.75  (n=300) (61.6s)
  [17/17] data=0.00060 phys=0.000000 gate=0.421 train_mae=19.0µm | val overall=39.53µm  flank=37.92  adh=31.10  f+a=42.22  (n=300) (60.8s)

  --- Final results: t3gated_ctrl (best epoch 6) ---
  [val    ] overall=38.10µm  flank=36.39  adh=19.07  f+a=41.56  (n=300)
  [test   ] overall=21.27µm  flank=18.86  adh=39.82  f+a=25.22  (n=247)
done: t3gated_ctrl
