════════════════════════════════════════════════════════════════
  Job ID      : 23143672
  Array index : 3
  Experiment  : t3_gated_top25_md30
  Node        : gcn158.local.snellius.surf.nl
  GPU         : NVIDIA H100
  Started     : Wed May 27 14:55:47 CEST 2026
════════════════════════════════════════════════════════════════
Device       : cuda
Experiments  : ['t3_gated_top25_md30']
Output dir   : /gpfs/scratch1/shared/hionescu/project_pinn/vision-sensor/improve_attempt

================================================================================
  EXPERIMENT: t3_gated_top25_md30
  fusion=gated  features=top25  sensors=True  loss=MSE  lr=0.0003
================================================================================
[MATWIMultimodalDataset] split=train | set_range=1-13 | norm=dataset | augment=False | n_samples=647 | wear_cap=450.0µm | feature_set=top25 (25 features) | scaler=None

  Fitting sensor scaler on 647 training samples...
[fit_sensor_scaler] Extracting features for 647 samples...
  100/647
  200/647
  300/647
  400/647
  500/647
  600/647
[fit_sensor_scaler] Done. Feature stats after standardisation:
  mean range : [-0.0000, 0.0000]  (should be ~0)
  std  range : [1.0000, 1.0000]  (should be ~1)
[MATWIMultimodalDataset] split=val | set_range=1-13 | norm=dataset | augment=False | n_samples=300 | wear_cap=450.0µm | feature_set=top25 (25 features) | scaler=fitted
[MATWIMultimodalDataset] split=test | set_range=1-13 | norm=dataset | augment=False | n_samples=247 | wear_cap=450.0µm | feature_set=top25 (25 features) | scaler=fitted
  Loaders: train: 647  |  val: 300  |  test: 247
[SensorScaler] Saved to /gpfs/scratch1/shared/hionescu/project_pinn/vision-sensor/improve_attempt/t3_gated_top25_md30/sensor_scaler.pkl
[MATWIMultimodalModel] fusion=gated | n_sensor_feat=25 | modality_dropout_p=0.3 | pretrained=True
  Total params    : 20,186,002
  Trainable params: 20,186,002
  Optimiser: AdamW (lr=0.0003, wd=0.0001)
  Scheduler: None (fixed LR=0.0003)
  Loss: MSE → MSELoss()
  [01/17]  train loss=0.08189 mae=121.7µm  |  val overall=114.70µm  flank=137.48  adh=118.83  f+a=82.99  (n=300)  lr=3.00e-04  (86.5s)
    ✓ new best val_mae=114.70µm
  [02/17]  train loss=0.01203 mae=70.1µm  |  val overall=78.98µm  flank=94.39  adh=84.07  f+a=57.39  (n=300)  lr=3.00e-04  (52.3s)
    ✓ new best val_mae=78.98µm
  [03/17]  train loss=0.00503 mae=50.1µm  |  val overall=46.73µm  flank=44.06  adh=27.55  f+a=51.52  (n=300)  lr=3.00e-04  (54.7s)
    ✓ new best val_mae=46.73µm
  [04/17]  train loss=0.00331 mae=42.2µm  |  val overall=44.16µm  flank=45.24  adh=36.51  f+a=43.11  (n=300)  lr=3.00e-04  (57.4s)
    ✓ new best val_mae=44.16µm
  [05/17]  train loss=0.00247 mae=36.8µm  |  val overall=50.71µm  flank=47.91  adh=11.70  f+a=56.80  (n=300)  lr=3.00e-04  (55.7s)
  [06/17]  train loss=0.00216 mae=33.9µm  |  val overall=38.10µm  flank=36.52  adh=19.41  f+a=41.34  (n=300)  lr=3.00e-04  (52.8s)
    ✓ new best val_mae=38.10µm
  [07/17]  train loss=0.00156 mae=30.5µm  |  val overall=40.27µm  flank=39.52  adh=30.17  f+a=41.87  (n=300)  lr=3.00e-04  (51.0s)
  [08/17]  train loss=0.00125 mae=26.9µm  |  val overall=42.02µm  flank=45.14  adh=45.20  f+a=37.54  (n=300)  lr=3.00e-04  (53.7s)
  [09/17]  train loss=0.00105 mae=24.6µm  |  val overall=38.46µm  flank=37.43  adh=28.22  f+a=40.46  (n=300)  lr=3.00e-04  (52.9s)
  [10/17]  train loss=0.00104 mae=24.0µm  |  val overall=41.95µm  flank=45.62  adh=47.60  f+a=36.56  (n=300)  lr=3.00e-04  (52.6s)
  [11/17]  train loss=0.00117 mae=25.4µm  |  val overall=42.69µm  flank=40.11  adh=28.59  f+a=47.06  (n=300)  lr=3.00e-04  (52.4s)
  [12/17]  train loss=0.00091 mae=22.5µm  |  val overall=41.92µm  flank=39.58  adh=30.79  f+a=45.77  (n=300)  lr=3.00e-04  (52.9s)
  [13/17]  train loss=0.00079 mae=21.5µm  |  val overall=46.54µm  flank=50.54  adh=57.51  f+a=40.38  (n=300)  lr=3.00e-04  (53.0s)
  [14/17]  train loss=0.00068 mae=20.0µm  |  val overall=38.60µm  flank=36.83  adh=28.84  f+a=41.59  (n=300)  lr=3.00e-04  (52.2s)
  [15/17]  train loss=0.00064 mae=19.2µm  |  val overall=40.04µm  flank=38.06  adh=24.28  f+a=43.67  (n=300)  lr=3.00e-04  (52.6s)
  [16/17]  train loss=0.00069 mae=20.0µm  |  val overall=40.86µm  flank=42.50  adh=40.30  f+a=38.62  (n=300)  lr=3.00e-04  (53.8s)
  [17/17]  train loss=0.00060 mae=19.0µm  |  val overall=39.61µm  flank=38.15  adh=31.64  f+a=42.08  (n=300)  lr=3.00e-04  (57.0s)

  Restored best model (epoch 6, val=38.10µm)

  --- Final results: t3_gated_top25_md30 ---
  [val    ] overall=38.10µm  flank=36.52  adh=19.41  f+a=41.34  (n=300)
  [test   ] overall=21.44µm  flank=18.94  adh=40.13  f+a=25.77  (n=247)

====================================================================================================
  SENSOR FUSION ABLATION — TEST SET RESULTS (sorted by overall MAE)
====================================================================================================
                 experiment fusion_mode feature_set  mae_overall_um  mae_flank_wear_um  mae_adhesion_um  mae_flank_wear+adhesion_um best_epoch
vision_only_664 (reference)        none        none       19.000000          16.600000        37.200000                   23.200000         14
        t3_gated_top25_md30       gated       top25       21.440865          18.936495        40.133476                   25.768867          6
vision_only_647 (reference)        none        none       22.400000          20.300000        35.100000                   27.100000         15
             paper_baseline        none        none       30.000000          14.000000        39.000000                   91.000000          —

  Full results (all splits) → /gpfs/scratch1/shared/hionescu/project_pinn/vision-sensor/improve_attempt/comparison_summary.csv

  Finished : Wed May 27 15:14:29 CEST 2026
════════════════════════════════════════════════════════════════
