=== task 17 | family=fusion role=ctrl lambda=0.0 epochs=34 seed=44 warmup=2 | node=gcn137.local.snellius.surf.nl ===
  -> t3gated_ctrl_e34_s44
[_load_module] train_vision_sensor_base <- /gpfs/scratch1/shared/hionescu/project_pinn/pinn/../vision-sensor/improve_attempt/train_vision_sensorV2.py
[_load_module] taylor_physics_loss <- /gpfs/scratch1/shared/hionescu/project_pinn/pinn/taylor_physics_loss.py
Device cuda | seed 44 | epochs 34 | out /gpfs/scratch1/shared/hionescu/project_pinn/pinn/runs/confirm/stage3_fusion

================================================================================
  STAGE 3 FUSION: t3gated_ctrl_e34_s44
  base=t3_gated_top25_md30 (fusion=gated, features=top25, mdrop=0.3)
  physics: lambda_max=0.0 warmup=2 apply_to=all one_sided=False taylor_slope=False
================================================================================
[MATWIMultimodalDataset] split=train | set_range=1-13 | norm=dataset | augment=False | n_samples=647 | wear_cap=450.0µm | feature_set=top25 (25 features) | scaler=None

  Fitting sensor scaler on 647 training samples...
[fit_sensor_scaler] Extracting features for 647 samples...
  100/647
  200/647
  300/647
  400/647
  500/647
  600/647
[fit_sensor_scaler] Done. Feature stats after standardisation:
  mean range : [-0.0000, 0.0000]  (should be ~0)
  std  range : [1.0000, 1.0000]  (should be ~1)
[MATWIMultimodalDataset] split=val | set_range=1-13 | norm=dataset | augment=False | n_samples=300 | wear_cap=450.0µm | feature_set=top25 (25 features) | scaler=fitted
[MATWIMultimodalDataset] split=test | set_range=1-13 | norm=dataset | augment=False | n_samples=247 | wear_cap=450.0µm | feature_set=top25 (25 features) | scaler=fitted
  Loaders: train: 647  |  val: 300  |  test: 247
[SensorScaler] Saved to /gpfs/scratch1/shared/hionescu/project_pinn/pinn/runs/confirm/stage3_fusion/t3gated_ctrl_e34_s44/sensor_scaler.pkl
[MATWIMultimodalModel] fusion=gated | n_sensor_feat=25 | modality_dropout_p=0.3 | pretrained=True
  Total params    : 20,186,002
  Trainable params: 20,186,002
  PhysicsLoss: [CK45(n=0.25,C=448.1387), RVS 304(n=-0.129526,C=72.297)] lambda_max=0.0 warmup=2 window=(0.15,0.85) apply_to=all one_sided=False taylor_slope=False
  [01/34] data=0.06624 phys=0.000000 gate=0.531 train_mae=105.2µm | val overall=98.49µm  flank=85.96  adh=51.26  f+a=118.50  (n=300) (82.8s)
    ✓ new best val_mae=98.49µm
  [02/34] data=0.00535 phys=0.000000 gate=0.478 train_mae=52.0µm | val overall=73.97µm  flank=63.25  adh=21.24  f+a=91.80  (n=300) (48.4s)
    ✓ new best val_mae=73.97µm
  [03/34] data=0.00340 phys=0.000000 gate=0.435 train_mae=43.1µm | val overall=66.05µm  flank=52.33  adh=23.29  f+a=87.46  (n=300) (46.3s)
    ✓ new best val_mae=66.05µm
  [04/34] data=0.00280 phys=0.000000 gate=0.424 train_mae=38.7µm | val overall=66.96µm  flank=54.53  adh=24.50  f+a=86.56  (n=300) (47.5s)
  [05/34] data=0.00216 phys=0.000000 gate=0.413 train_mae=34.1µm | val overall=66.61µm  flank=55.78  adh=24.47  f+a=83.98  (n=300) (41.9s)
  [06/34] data=0.00165 phys=0.000000 gate=0.404 train_mae=30.0µm | val overall=60.13µm  flank=51.15  adh=15.45  f+a=75.07  (n=300) (50.4s)
    ✓ new best val_mae=60.13µm
  [07/34] data=0.00160 phys=0.000000 gate=0.394 train_mae=30.6µm | val overall=58.75µm  flank=48.88  adh=16.29  f+a=74.80  (n=300) (44.0s)
    ✓ new best val_mae=58.75µm
  [08/34] data=0.00117 phys=0.000000 gate=0.397 train_mae=26.0µm | val overall=54.83µm  flank=46.94  adh=13.72  f+a=68.07  (n=300) (46.5s)
    ✓ new best val_mae=54.83µm
  [09/34] data=0.00105 phys=0.000000 gate=0.396 train_mae=24.4µm | val overall=58.99µm  flank=51.23  adh=16.59  f+a=72.14  (n=300) (48.1s)
  [10/34] data=0.00079 phys=0.000000 gate=0.411 train_mae=20.8µm | val overall=60.15µm  flank=55.34  adh=16.75  f+a=69.26  (n=300) (45.6s)
  [11/34] data=0.00088 phys=0.000000 gate=0.407 train_mae=21.9µm | val overall=55.19µm  flank=51.09  adh=23.49  f+a=62.66  (n=300) (49.4s)
  [12/34] data=0.00101 phys=0.000000 gate=0.402 train_mae=22.8µm | val overall=56.39µm  flank=48.32  adh=12.66  f+a=70.04  (n=300) (51.6s)
  [13/34] data=0.00075 phys=0.000000 gate=0.396 train_mae=20.7µm | val overall=54.55µm  flank=51.52  adh=20.31  f+a=60.68  (n=300) (44.4s)
    ✓ new best val_mae=54.55µm
  [14/34] data=0.00056 phys=0.000000 gate=0.402 train_mae=17.9µm | val overall=50.95µm  flank=46.24  adh=14.67  f+a=59.52  (n=300) (41.6s)
    ✓ new best val_mae=50.95µm
  [15/34] data=0.00063 phys=0.000000 gate=0.402 train_mae=18.8µm | val overall=52.70µm  flank=53.84  adh=33.54  f+a=52.22  (n=300) (49.0s)
  [16/34] data=0.00064 phys=0.000000 gate=0.390 train_mae=19.3µm | val overall=52.04µm  flank=51.29  adh=24.22  f+a=54.66  (n=300) (46.3s)
  [17/34] data=0.00063 phys=0.000000 gate=0.397 train_mae=17.9µm | val overall=48.05µm  flank=44.34  adh=13.15  f+a=55.15  (n=300) (53.9s)
    ✓ new best val_mae=48.05µm
  [18/34] data=0.00047 phys=0.000000 gate=0.394 train_mae=16.6µm | val overall=50.90µm  flank=50.43  adh=20.51  f+a=53.27  (n=300) (52.7s)
  [19/34] data=0.00042 phys=0.000000 gate=0.406 train_mae=15.3µm | val overall=48.79µm  flank=45.46  adh=13.80  f+a=55.40  (n=300) (52.8s)
  [20/34] data=0.00035 phys=0.000000 gate=0.397 train_mae=13.7µm | val overall=48.05µm  flank=47.04  adh=23.75  f+a=50.82  (n=300) (58.6s)
  [21/34] data=0.00036 phys=0.000000 gate=0.394 train_mae=13.7µm | val overall=50.33µm  flank=50.81  adh=28.09  f+a=50.93  (n=300) (55.6s)
  [22/34] data=0.00035 phys=0.000000 gate=0.394 train_mae=14.2µm | val overall=48.80µm  flank=45.97  adh=19.15  f+a=54.39  (n=300) (61.5s)
  [23/34] data=0.00030 phys=0.000000 gate=0.385 train_mae=13.7µm | val overall=46.01µm  flank=41.93  adh=16.98  f+a=53.30  (n=300) (58.3s)
    ✓ new best val_mae=46.01µm
  [24/34] data=0.00038 phys=0.000000 gate=0.391 train_mae=14.3µm | val overall=49.45µm  flank=43.70  adh=12.69  f+a=59.49  (n=300) (58.6s)
  [25/34] data=0.00033 phys=0.000000 gate=0.389 train_mae=13.2µm | val overall=47.84µm  flank=48.00  adh=26.85  f+a=48.81  (n=300) (62.2s)
  [26/34] data=0.00032 phys=0.000000 gate=0.391 train_mae=13.4µm | val overall=47.67µm  flank=45.93  adh=16.35  f+a=51.85  (n=300) (55.8s)
  [27/34] data=0.00027 phys=0.000000 gate=0.392 train_mae=12.7µm | val overall=46.51µm  flank=46.96  adh=26.81  f+a=47.00  (n=300) (59.1s)
  [28/34] data=0.00028 phys=0.000000 gate=0.387 train_mae=12.8µm | val overall=49.46µm  flank=49.68  adh=27.38  f+a=50.41  (n=300) (59.7s)
  [29/34] data=0.00022 phys=0.000000 gate=0.389 train_mae=11.1µm | val overall=47.57µm  flank=47.49  adh=22.58  f+a=49.10  (n=300) (63.5s)
  [30/34] data=0.00025 phys=0.000000 gate=0.385 train_mae=11.7µm | val overall=47.70µm  flank=45.58  adh=16.19  f+a=52.43  (n=300) (57.9s)
  [31/34] data=0.00025 phys=0.000000 gate=0.387 train_mae=12.2µm | val overall=48.31µm  flank=48.37  adh=25.28  f+a=49.54  (n=300) (58.4s)
  [32/34] data=0.00026 phys=0.000000 gate=0.394 train_mae=11.3µm | val overall=49.58µm  flank=51.10  adh=30.10  f+a=48.59  (n=300) (59.1s)
  [33/34] data=0.00026 phys=0.000000 gate=0.387 train_mae=11.6µm | val overall=48.12µm  flank=45.64  adh=19.59  f+a=53.17  (n=300) (61.2s)
  [34/34] data=0.00021 phys=0.000000 gate=0.387 train_mae=10.4µm | val overall=49.85µm  flank=49.71  adh=27.09  f+a=51.35  (n=300) (64.8s)

  --- Final results: t3gated_ctrl_e34_s44 (best epoch 23) ---
  [val    ] overall=46.01µm  flank=41.93  adh=16.98  f+a=53.30  (n=300)
  [test   ] overall=22.34µm  flank=20.94  adh=37.38  f+a=23.20  (n=247)
done: t3gated_ctrl_e34_s44
