=== task 1 | family=vision role=ctrl lambda=0.0 epochs=17 seed=43 warmup=2 | node=gcn82.local.snellius.surf.nl ===
  -> vision_only_ctrl_e17_s43
Device cuda | seed 43 | out /gpfs/scratch1/shared/hionescu/project_pinn/pinn/runs/confirm/stage3_vision

================================================================================
  STAGE 3: vision_only_ctrl_e17_s43  (backbone=efficientnetv2_s, data_loss=mse)
  physics: lambda_max=0.0 warmup=2 apply_to=all one_sided=False taylor_slope=False
================================================================================
[MATWIVisionDataset] split=train | set_range=1-13 | norm=dataset | augment=False | n_samples=664 | wear_cap=450.0µm | impute_zero=False
[MATWIVisionDataset] split=val | set_range=1-13 | norm=dataset | augment=False | n_samples=301 | wear_cap=450.0µm | impute_zero=False
[MATWIVisionDataset] split=test | set_range=1-13 | norm=dataset | augment=False | n_samples=254 | wear_cap=450.0µm | impute_zero=False
[MATWIVisionDataset] split=unseen | set_range=1-13 | norm=dataset | augment=False | n_samples=0 | wear_cap=450.0µm | impute_zero=False
  [warn] split='unseen' empty, skipping.
  Loaders: train: 664  |  val: 301  |  test: 254
[MATWIVisionModel] backbone=efficientnetv2_s | head=simple | feat_dim=1280 | pretrained=True
  Total params    : 20,178,769
  Trainable params: 20,178,769
  PhysicsLoss: [CK45(n=0.25,C=448.1387), RVS 304(n=-0.129526,C=72.297)] lambda_max=0.0 warmup=2 window=(0.15,0.85) apply_to=all one_sided=False taylor_slope=False
  [01/17] data=0.16238 phys=0.000000 train_mae=122.4µm | val overall=180.25µm  flank=218.08  adh=76.77  f+a=134.69  (n=301) (72.0s)
    ✓ new best val_mae=180.25µm
  [02/17] data=0.08218 phys=0.000000 train_mae=142.4µm | val overall=93.82µm  flank=93.87  adh=69.21  f+a=95.37  (n=301) (42.2s)
    ✓ new best val_mae=93.82µm
  [03/17] data=0.03247 phys=0.000000 train_mae=98.8µm | val overall=78.30µm  flank=87.81  adh=52.81  f+a=66.81  (n=301) (36.7s)
    ✓ new best val_mae=78.30µm
  [04/17] data=0.00551 phys=0.000000 train_mae=51.8µm | val overall=46.07µm  flank=48.91  adh=22.84  f+a=43.67  (n=301) (35.4s)
    ✓ new best val_mae=46.07µm
  [05/17] data=0.00342 phys=0.000000 train_mae=42.8µm | val overall=39.35µm  flank=36.77  adh=25.29  f+a=43.82  (n=301) (39.6s)
    ✓ new best val_mae=39.35µm
  [06/17] data=0.00254 phys=0.000000 train_mae=35.9µm | val overall=45.13µm  flank=43.28  adh=42.43  f+a=47.87  (n=301) (36.0s)
  [07/17] data=0.00197 phys=0.000000 train_mae=32.9µm | val overall=40.20µm  flank=35.92  adh=26.97  f+a=46.98  (n=301) (38.7s)
  [08/17] data=0.00152 phys=0.000000 train_mae=29.0µm | val overall=39.76µm  flank=35.98  adh=17.30  f+a=46.45  (n=301) (37.8s)
  [09/17] data=0.00148 phys=0.000000 train_mae=29.3µm | val overall=40.38µm  flank=34.16  adh=27.20  f+a=49.82  (n=301) (39.9s)
  [10/17] data=0.00136 phys=0.000000 train_mae=28.0µm | val overall=40.11µm  flank=34.65  adh=30.05  f+a=48.30  (n=301) (38.5s)
  [11/17] data=0.00123 phys=0.000000 train_mae=26.3µm | val overall=42.28µm  flank=40.18  adh=15.52  f+a=46.91  (n=301) (37.8s)
  [12/17] data=0.00100 phys=0.000000 train_mae=24.1µm | val overall=37.89µm  flank=33.16  adh=21.55  f+a=45.48  (n=301) (39.2s)
    ✓ new best val_mae=37.89µm
  [13/17] data=0.00087 phys=0.000000 train_mae=21.7µm | val overall=38.33µm  flank=32.99  adh=22.71  f+a=46.71  (n=301) (37.3s)
  [14/17] data=0.00087 phys=0.000000 train_mae=22.1µm | val overall=39.03µm  flank=33.89  adh=23.77  f+a=47.11  (n=301) (36.0s)
  [15/17] data=0.00062 phys=0.000000 train_mae=19.6µm | val overall=38.22µm  flank=33.40  adh=18.61  f+a=46.15  (n=301) (34.7s)
  [16/17] data=0.00082 phys=0.000000 train_mae=21.9µm | val overall=39.61µm  flank=34.84  adh=26.38  f+a=47.06  (n=301) (35.6s)
  [17/17] data=0.00071 phys=0.000000 train_mae=20.3µm | val overall=38.84µm  flank=34.03  adh=24.41  f+a=46.43  (n=301) (34.3s)

  --- Final results: vision_only_ctrl_e17_s43 (best epoch 12) ---
  [val    ] overall=37.89µm  flank=33.16  adh=21.55  f+a=45.48  (n=301)
  [test   ] overall=24.23µm  flank=20.95  adh=32.37  f+a=35.34  (n=254)
done: vision_only_ctrl_e17_s43
