=== task 9 | use_taylor_slope=TRUE | cfg=0 lambda=0.2 epochs=34 seed=42 | node=gcn126.local.snellius.surf.nl ===
  -> t3gated_taylor_ceil_l0.2_tslope_e34_s42
[_load_module] train_vision_sensor_base <- /gpfs/scratch1/shared/hionescu/project_pinn/pinn/../vision-sensor/improve_attempt/train_vision_sensorV2.py
[_load_module] taylor_physics_loss <- /gpfs/scratch1/shared/hionescu/project_pinn/pinn/taylor_physics_loss.py
Device cuda | seed 42 | epochs 34 | out /gpfs/scratch1/shared/hionescu/project_pinn/pinn/runs/confirm/stage3_fusion

================================================================================
  STAGE 3 FUSION: t3gated_taylor_ceil_l0.2_tslope_e34_s42
  base=t3_gated_top25_md30 (fusion=gated, features=top25, mdrop=0.3)
  physics: lambda_max=0.2 warmup=2 apply_to=all one_sided=True taylor_slope=True
================================================================================
[MATWIMultimodalDataset] split=train | set_range=1-13 | norm=dataset | augment=False | n_samples=647 | wear_cap=450.0µm | feature_set=top25 (25 features) | scaler=None

  Fitting sensor scaler on 647 training samples...
[fit_sensor_scaler] Extracting features for 647 samples...
  100/647
  200/647
  300/647
  400/647
  500/647
  600/647
[fit_sensor_scaler] Done. Feature stats after standardisation:
  mean range : [-0.0000, 0.0000]  (should be ~0)
  std  range : [1.0000, 1.0000]  (should be ~1)
[MATWIMultimodalDataset] split=val | set_range=1-13 | norm=dataset | augment=False | n_samples=300 | wear_cap=450.0µm | feature_set=top25 (25 features) | scaler=fitted
[MATWIMultimodalDataset] split=test | set_range=1-13 | norm=dataset | augment=False | n_samples=247 | wear_cap=450.0µm | feature_set=top25 (25 features) | scaler=fitted
  Loaders: train: 647  |  val: 300  |  test: 247
[SensorScaler] Saved to /gpfs/scratch1/shared/hionescu/project_pinn/pinn/runs/confirm/stage3_fusion/t3gated_taylor_ceil_l0.2_tslope_e34_s42/sensor_scaler.pkl
[MATWIMultimodalModel] fusion=gated | n_sensor_feat=25 | modality_dropout_p=0.3 | pretrained=True
  Total params    : 20,186,002
  Trainable params: 20,186,002
  PhysicsLoss: [CK45(n=0.25,C=448.1387), RVS 304(n=-0.129526,C=72.297)] lambda_max=0.2 warmup=2 window=(0.15,0.85) apply_to=all one_sided=True taylor_slope=True
  [01/34] data=0.08048 phys=0.001313 gate=0.451 train_mae=120.5µm | val overall=110.48µm  flank=130.75  adh=91.00  f+a=83.56  (n=300) (72.7s)
    ✓ new best val_mae=110.48µm
  [02/34] data=0.01189 phys=0.000226 gate=0.495 train_mae=70.5µm | val overall=77.75µm  flank=95.92  adh=85.16  f+a=52.20  (n=300) (44.4s)
    ✓ new best val_mae=77.75µm
  [03/34] data=0.00495 phys=0.000145 gate=0.444 train_mae=50.5µm | val overall=43.46µm  flank=43.27  adh=30.00  f+a=44.47  (n=300) (43.5s)
    ✓ new best val_mae=43.46µm
  [04/34] data=0.00327 phys=0.000130 gate=0.424 train_mae=42.4µm | val overall=40.89µm  flank=42.91  adh=34.42  f+a=38.46  (n=300) (45.9s)
    ✓ new best val_mae=40.89µm
  [05/34] data=0.00237 phys=0.000098 gate=0.420 train_mae=36.2µm | val overall=43.32µm  flank=40.66  adh=11.85  f+a=48.80  (n=300) (44.1s)
  [06/34] data=0.00205 phys=0.000141 gate=0.418 train_mae=33.0µm | val overall=38.40µm  flank=36.47  adh=13.91  f+a=42.45  (n=300) (43.9s)
    ✓ new best val_mae=38.40µm
  [07/34] data=0.00148 phys=0.000058 gate=0.416 train_mae=30.3µm | val overall=38.89µm  flank=37.84  adh=26.65  f+a=41.05  (n=300) (45.2s)
  [08/34] data=0.00127 phys=0.000059 gate=0.423 train_mae=27.3µm | val overall=39.65µm  flank=41.45  adh=38.27  f+a=37.23  (n=300) (48.1s)
  [09/34] data=0.00099 phys=0.000087 gate=0.419 train_mae=24.3µm | val overall=38.80µm  flank=37.47  adh=29.84  f+a=41.14  (n=300) (44.9s)
  [10/34] data=0.00094 phys=0.000068 gate=0.427 train_mae=23.6µm | val overall=41.92µm  flank=44.24  adh=44.71  f+a=38.56  (n=300) (43.8s)
  [11/34] data=0.00116 phys=0.000076 gate=0.423 train_mae=25.8µm | val overall=40.94µm  flank=38.95  adh=24.31  f+a=44.62  (n=300) (47.8s)
  [12/34] data=0.00092 phys=0.000074 gate=0.424 train_mae=22.1µm | val overall=42.32µm  flank=38.09  adh=16.39  f+a=49.64  (n=300) (47.8s)
  [13/34] data=0.00081 phys=0.000106 gate=0.424 train_mae=22.0µm | val overall=41.64µm  flank=43.97  adh=48.63  f+a=38.03  (n=300) (44.4s)
  [14/34] data=0.00080 phys=0.000072 gate=0.424 train_mae=21.3µm | val overall=38.21µm  flank=36.72  adh=30.10  f+a=40.74  (n=300) (44.0s)
    ✓ new best val_mae=38.21µm
  [15/34] data=0.00072 phys=0.000069 gate=0.425 train_mae=20.7µm | val overall=38.66µm  flank=36.06  adh=17.11  f+a=43.49  (n=300) (44.9s)
  [16/34] data=0.00081 phys=0.000076 gate=0.418 train_mae=21.8µm | val overall=39.16µm  flank=40.49  adh=35.26  f+a=37.55  (n=300) (48.6s)
  [17/34] data=0.00059 phys=0.000078 gate=0.420 train_mae=18.5µm | val overall=37.87µm  flank=34.62  adh=19.81  f+a=43.40  (n=300) (44.2s)
    ✓ new best val_mae=37.87µm
  [18/34] data=0.00062 phys=0.000076 gate=0.419 train_mae=19.3µm | val overall=37.37µm  flank=34.20  adh=18.42  f+a=42.81  (n=300) (43.3s)
    ✓ new best val_mae=37.37µm
  [19/34] data=0.00063 phys=0.000058 gate=0.420 train_mae=18.2µm | val overall=39.19µm  flank=36.77  adh=26.32  f+a=43.28  (n=300) (46.2s)
  [20/34] data=0.00047 phys=0.000077 gate=0.421 train_mae=16.5µm | val overall=39.42µm  flank=35.04  adh=23.28  f+a=46.39  (n=300) (47.4s)
  [21/34] data=0.00047 phys=0.000046 gate=0.418 train_mae=16.8µm | val overall=39.31µm  flank=37.31  adh=31.48  f+a=42.51  (n=300) (44.4s)
  [22/34] data=0.00051 phys=0.000075 gate=0.421 train_mae=17.2µm | val overall=36.63µm  flank=34.93  adh=25.42  f+a=39.62  (n=300) (44.9s)
    ✓ new best val_mae=36.63µm
  [23/34] data=0.00043 phys=0.000077 gate=0.424 train_mae=15.6µm | val overall=37.68µm  flank=35.68  adh=28.92  f+a=40.93  (n=300) (46.9s)
  [24/34] data=0.00044 phys=0.000058 gate=0.421 train_mae=15.4µm | val overall=36.82µm  flank=33.26  adh=25.42  f+a=42.38  (n=300) (49.1s)
  [25/34] data=0.00033 phys=0.000058 gate=0.420 train_mae=13.8µm | val overall=37.58µm  flank=34.12  adh=14.95  f+a=43.64  (n=300) (44.6s)
  [26/34] data=0.00032 phys=0.000051 gate=0.421 train_mae=13.6µm | val overall=35.61µm  flank=34.03  adh=27.48  f+a=38.26  (n=300) (44.4s)
    ✓ new best val_mae=35.61µm
  [27/34] data=0.00029 phys=0.000061 gate=0.421 train_mae=13.0µm | val overall=37.17µm  flank=34.50  adh=27.22  f+a=41.42  (n=300) (43.8s)
  [28/34] data=0.00029 phys=0.000060 gate=0.418 train_mae=12.8µm | val overall=36.22µm  flank=34.75  adh=25.39  f+a=38.88  (n=300) (45.0s)
  [29/34] data=0.00033 phys=0.000072 gate=0.418 train_mae=13.7µm | val overall=37.17µm  flank=33.74  adh=14.07  f+a=43.22  (n=300) (50.3s)
  [30/34] data=0.00040 phys=0.000063 gate=0.422 train_mae=15.0µm | val overall=39.37µm  flank=35.33  adh=9.31  f+a=46.67  (n=300) (50.5s)
  [31/34] data=0.00052 phys=0.000069 gate=0.409 train_mae=16.3µm | val overall=38.15µm  flank=35.95  adh=27.03  f+a=41.82  (n=300) (51.1s)
  [32/34] data=0.00034 phys=0.000077 gate=0.418 train_mae=13.8µm | val overall=37.26µm  flank=32.43  adh=18.54  f+a=45.00  (n=300) (50.3s)
  [33/34] data=0.00029 phys=0.000060 gate=0.415 train_mae=12.8µm | val overall=36.31µm  flank=33.96  adh=22.65  f+a=40.33  (n=300) (51.1s)
  [34/34] data=0.00031 phys=0.000067 gate=0.415 train_mae=12.6µm | val overall=37.36µm  flank=33.18  adh=19.50  f+a=44.15  (n=300) (50.6s)

  --- Final results: t3gated_taylor_ceil_l0.2_tslope_e34_s42 (best epoch 26) ---
  [val    ] overall=35.61µm  flank=34.03  adh=27.48  f+a=38.26  (n=300)
  [test   ] overall=21.86µm  flank=17.35  adh=41.33  f+a=34.47  (n=247)
done: t3gated_taylor_ceil_l0.2_tslope_e34_s42
