=== task 14 | family=fusion role=ctrl lambda=0.0 epochs=17 seed=44 warmup=2 | node=gcn132.local.snellius.surf.nl ===
  -> t3gated_ctrl_e17_s44
[_load_module] train_vision_sensor_base <- /gpfs/scratch1/shared/hionescu/project_pinn/pinn/../vision-sensor/improve_attempt/train_vision_sensorV2.py
[_load_module] taylor_physics_loss <- /gpfs/scratch1/shared/hionescu/project_pinn/pinn/taylor_physics_loss.py
Device cuda | seed 44 | epochs 17 | out /gpfs/scratch1/shared/hionescu/project_pinn/pinn/runs/confirm/stage3_fusion

================================================================================
  STAGE 3 FUSION: t3gated_ctrl_e17_s44
  base=t3_gated_top25_md30 (fusion=gated, features=top25, mdrop=0.3)
  physics: lambda_max=0.0 warmup=2 apply_to=all one_sided=False taylor_slope=False
================================================================================
[MATWIMultimodalDataset] split=train | set_range=1-13 | norm=dataset | augment=False | n_samples=647 | wear_cap=450.0µm | feature_set=top25 (25 features) | scaler=None

  Fitting sensor scaler on 647 training samples...
[fit_sensor_scaler] Extracting features for 647 samples...
  100/647
  200/647
  300/647
  400/647
  500/647
  600/647
[fit_sensor_scaler] Done. Feature stats after standardisation:
  mean range : [-0.0000, 0.0000]  (should be ~0)
  std  range : [1.0000, 1.0000]  (should be ~1)
[MATWIMultimodalDataset] split=val | set_range=1-13 | norm=dataset | augment=False | n_samples=300 | wear_cap=450.0µm | feature_set=top25 (25 features) | scaler=fitted
[MATWIMultimodalDataset] split=test | set_range=1-13 | norm=dataset | augment=False | n_samples=247 | wear_cap=450.0µm | feature_set=top25 (25 features) | scaler=fitted
  Loaders: train: 647  |  val: 300  |  test: 247
[SensorScaler] Saved to /gpfs/scratch1/shared/hionescu/project_pinn/pinn/runs/confirm/stage3_fusion/t3gated_ctrl_e17_s44/sensor_scaler.pkl
[MATWIMultimodalModel] fusion=gated | n_sensor_feat=25 | modality_dropout_p=0.3 | pretrained=True
  Total params    : 20,186,002
  Trainable params: 20,186,002
  PhysicsLoss: [CK45(n=0.25,C=448.1387), RVS 304(n=-0.129526,C=72.297)] lambda_max=0.0 warmup=2 window=(0.15,0.85) apply_to=all one_sided=False taylor_slope=False
  [01/17] data=0.06626 phys=0.000000 gate=0.531 train_mae=105.2µm | val overall=98.50µm  flank=85.87  adh=50.89  f+a=118.67  (n=300) (77.7s)
    ✓ new best val_mae=98.50µm
  [02/17] data=0.00535 phys=0.000000 gate=0.478 train_mae=52.0µm | val overall=74.08µm  flank=63.20  adh=21.18  f+a=92.12  (n=300) (48.0s)
    ✓ new best val_mae=74.08µm
  [03/17] data=0.00339 phys=0.000000 gate=0.435 train_mae=43.1µm | val overall=66.09µm  flank=52.20  adh=23.10  f+a=87.73  (n=300) (42.2s)
    ✓ new best val_mae=66.09µm
  [04/17] data=0.00279 phys=0.000000 gate=0.424 train_mae=38.7µm | val overall=67.01µm  flank=54.48  adh=24.51  f+a=86.75  (n=300) (48.5s)
  [05/17] data=0.00216 phys=0.000000 gate=0.412 train_mae=34.1µm | val overall=66.55µm  flank=55.69  adh=24.59  f+a=83.94  (n=300) (46.7s)
  [06/17] data=0.00164 phys=0.000000 gate=0.404 train_mae=29.9µm | val overall=60.12µm  flank=51.05  adh=15.36  f+a=75.21  (n=300) (47.7s)
    ✓ new best val_mae=60.12µm
  [07/17] data=0.00159 phys=0.000000 gate=0.394 train_mae=30.5µm | val overall=58.74µm  flank=48.78  adh=16.27  f+a=74.91  (n=300) (41.7s)
    ✓ new best val_mae=58.74µm
  [08/17] data=0.00117 phys=0.000000 gate=0.397 train_mae=25.9µm | val overall=54.87µm  flank=46.92  adh=13.66  f+a=68.21  (n=300) (50.0s)
    ✓ new best val_mae=54.87µm
  [09/17] data=0.00105 phys=0.000000 gate=0.396 train_mae=24.4µm | val overall=58.89µm  flank=51.17  adh=16.55  f+a=71.96  (n=300) (44.0s)
  [10/17] data=0.00079 phys=0.000000 gate=0.411 train_mae=20.8µm | val overall=60.04µm  flank=55.44  adh=17.12  f+a=68.84  (n=300) (46.7s)
  [11/17] data=0.00087 phys=0.000000 gate=0.407 train_mae=21.8µm | val overall=55.20µm  flank=51.02  adh=23.21  f+a=62.79  (n=300) (48.4s)
  [12/17] data=0.00100 phys=0.000000 gate=0.402 train_mae=22.7µm | val overall=56.39µm  flank=48.37  adh=12.88  f+a=69.96  (n=300) (45.6s)
  [13/17] data=0.00074 phys=0.000000 gate=0.396 train_mae=20.6µm | val overall=54.60µm  flank=51.48  adh=20.09  f+a=60.87  (n=300) (49.4s)
    ✓ new best val_mae=54.60µm
  [14/17] data=0.00056 phys=0.000000 gate=0.402 train_mae=17.9µm | val overall=50.93µm  flank=46.18  adh=14.69  f+a=59.56  (n=300) (51.4s)
    ✓ new best val_mae=50.93µm
  [15/17] data=0.00062 phys=0.000000 gate=0.402 train_mae=18.8µm | val overall=52.62µm  flank=53.62  adh=33.13  f+a=52.34  (n=300) (44.1s)
  [16/17] data=0.00064 phys=0.000000 gate=0.391 train_mae=19.3µm | val overall=52.03µm  flank=51.19  adh=24.15  f+a=54.78  (n=300) (41.8s)
  [17/17] data=0.00062 phys=0.000000 gate=0.397 train_mae=17.8µm | val overall=48.12µm  flank=44.37  adh=13.37  f+a=55.29  (n=300) (49.2s)
    ✓ new best val_mae=48.12µm

  --- Final results: t3gated_ctrl_e17_s44 (best epoch 17) ---
  [val    ] overall=48.12µm  flank=44.37  adh=13.37  f+a=55.29  (n=300)
  [test   ] overall=23.95µm  flank=22.53  adh=38.79  f+a=24.95  (n=247)
done: t3gated_ctrl_e17_s44
