=== task 14 | use_taylor_slope=TRUE | cfg=1 lambda=0.01 epochs=34 seed=44 | node=gcn115.local.snellius.surf.nl ===
  -> vis_taylor_sym_l0.01_tslope_e34_s44
Device cuda | seed 44 | out /gpfs/scratch1/shared/hionescu/project_pinn/pinn/runs/confirm/stage3_vision

================================================================================
  STAGE 3: vis_taylor_sym_l0.01_tslope_e34_s44  (backbone=efficientnetv2_s, data_loss=mse)
  physics: lambda_max=0.01 warmup=2 apply_to=all one_sided=False taylor_slope=True
================================================================================
[MATWIVisionDataset] split=train | set_range=1-13 | norm=dataset | augment=False | n_samples=664 | wear_cap=450.0µm | impute_zero=False
[MATWIVisionDataset] split=val | set_range=1-13 | norm=dataset | augment=False | n_samples=301 | wear_cap=450.0µm | impute_zero=False
[MATWIVisionDataset] split=test | set_range=1-13 | norm=dataset | augment=False | n_samples=254 | wear_cap=450.0µm | impute_zero=False
[MATWIVisionDataset] split=unseen | set_range=1-13 | norm=dataset | augment=False | n_samples=0 | wear_cap=450.0µm | impute_zero=False
  [warn] split='unseen' empty, skipping.
  Loaders: train: 664  |  val: 301  |  test: 254
[MATWIVisionModel] backbone=efficientnetv2_s | head=simple | feat_dim=1280 | pretrained=True
  Total params    : 20,178,769
  Trainable params: 20,178,769
  PhysicsLoss: [CK45(n=0.25,C=448.1387), RVS 304(n=-0.129526,C=72.297)] lambda_max=0.01 warmup=2 window=(0.15,0.85) apply_to=all one_sided=False taylor_slope=True
  [01/34] data=0.11390 phys=0.000733 train_mae=157.1µm | val overall=102.98µm  flank=108.31  adh=49.59  f+a=99.09  (n=301) (63.5s)
    ✓ new best val_mae=102.98µm
  [02/34] data=0.07954 phys=0.001206 train_mae=130.4µm | val overall=103.03µm  flank=114.46  adh=94.33  f+a=87.81  (n=301) (36.7s)
  [03/34] data=0.06716 phys=0.000954 train_mae=126.6µm | val overall=93.35µm  flank=106.29  adh=72.28  f+a=76.84  (n=301) (36.7s)
    ✓ new best val_mae=93.35µm
  [04/34] data=0.03131 phys=0.000647 train_mae=98.0µm | val overall=68.38µm  flank=68.58  adh=52.40  f+a=69.16  (n=301) (34.9s)
    ✓ new best val_mae=68.38µm
  [05/34] data=0.00867 phys=0.000393 train_mae=64.0µm | val overall=57.32µm  flank=50.39  adh=25.29  f+a=69.00  (n=301) (35.9s)
    ✓ new best val_mae=57.32µm
  [06/34] data=0.00491 phys=0.000379 train_mae=45.7µm | val overall=39.98µm  flank=34.23  adh=39.26  f+a=47.98  (n=301) (37.0s)
    ✓ new best val_mae=39.98µm
  [07/34] data=0.00401 phys=0.000352 train_mae=45.7µm | val overall=39.40µm  flank=35.99  adh=33.40  f+a=44.51  (n=301) (36.5s)
    ✓ new best val_mae=39.40µm
  [08/34] data=0.00298 phys=0.000363 train_mae=39.6µm | val overall=44.50µm  flank=44.61  adh=44.98  f+a=44.31  (n=301) (38.6s)
  [09/34] data=0.00267 phys=0.000355 train_mae=37.6µm | val overall=48.18µm  flank=47.16  adh=46.17  f+a=49.72  (n=301) (39.7s)
  [10/34] data=0.00197 phys=0.000327 train_mae=31.8µm | val overall=40.79µm  flank=37.53  adh=34.07  f+a=45.72  (n=301) (35.0s)
  [11/34] data=0.00215 phys=0.000352 train_mae=34.5µm | val overall=42.29µm  flank=37.53  adh=34.91  f+a=49.36  (n=301) (36.7s)
  [12/34] data=0.00154 phys=0.000332 train_mae=29.4µm | val overall=41.08µm  flank=34.51  adh=23.00  f+a=51.33  (n=301) (37.9s)
  [13/34] data=0.00139 phys=0.000334 train_mae=28.3µm | val overall=43.41µm  flank=36.20  adh=13.37  f+a=55.32  (n=301) (37.8s)
  [14/34] data=0.00123 phys=0.000339 train_mae=25.4µm | val overall=39.65µm  flank=35.52  adh=34.15  f+a=45.72  (n=301) (37.6s)
  [15/34] data=0.00111 phys=0.000347 train_mae=24.6µm | val overall=44.49µm  flank=41.92  adh=50.01  f+a=47.67  (n=301) (33.8s)
  [16/34] data=0.00103 phys=0.000330 train_mae=23.9µm | val overall=39.81µm  flank=35.41  adh=33.29  f+a=46.32  (n=301) (36.7s)
  [17/34] data=0.00079 phys=0.000325 train_mae=20.7µm | val overall=38.72µm  flank=32.69  adh=20.84  f+a=48.23  (n=301) (37.3s)
    ✓ new best val_mae=38.72µm
  [18/34] data=0.00069 phys=0.000338 train_mae=19.7µm | val overall=38.30µm  flank=33.06  adh=27.54  f+a=46.24  (n=301) (36.8s)
    ✓ new best val_mae=38.30µm
  [19/34] data=0.00062 phys=0.000320 train_mae=18.8µm | val overall=37.88µm  flank=32.30  adh=26.78  f+a=46.31  (n=301) (35.3s)
    ✓ new best val_mae=37.88µm
  [20/34] data=0.00077 phys=0.000333 train_mae=20.9µm | val overall=40.16µm  flank=36.59  adh=35.75  f+a=45.38  (n=301) (34.5s)
  [21/34] data=0.00051 phys=0.000329 train_mae=17.6µm | val overall=37.41µm  flank=32.29  adh=21.10  f+a=45.56  (n=301) (36.4s)
    ✓ new best val_mae=37.41µm
  [22/34] data=0.00043 phys=0.000329 train_mae=15.9µm | val overall=38.83µm  flank=34.21  adh=29.94  f+a=45.80  (n=301) (37.2s)
  [23/34] data=0.00050 phys=0.000325 train_mae=17.2µm | val overall=37.06µm  flank=32.11  adh=24.82  f+a=44.69  (n=301) (36.6s)
    ✓ new best val_mae=37.06µm
  [24/34] data=0.00047 phys=0.000333 train_mae=16.0µm | val overall=37.41µm  flank=32.03  adh=22.33  f+a=45.83  (n=301) (35.9s)
  [25/34] data=0.00043 phys=0.000333 train_mae=15.6µm | val overall=38.59µm  flank=34.34  adh=30.76  f+a=44.98  (n=301) (33.4s)
  [26/34] data=0.00037 phys=0.000332 train_mae=15.2µm | val overall=38.28µm  flank=33.27  adh=28.90  f+a=45.83  (n=301) (37.4s)
  [27/34] data=0.00044 phys=0.000327 train_mae=16.1µm | val overall=38.21µm  flank=32.98  adh=28.52  f+a=46.08  (n=301) (38.2s)
  [28/34] data=0.00030 phys=0.000331 train_mae=13.7µm | val overall=38.45µm  flank=33.56  adh=30.14  f+a=45.74  (n=301) (37.6s)
  [29/34] data=0.00036 phys=0.000321 train_mae=14.5µm | val overall=38.96µm  flank=34.50  adh=31.37  f+a=45.63  (n=301) (37.9s)
  [30/34] data=0.00036 phys=0.000335 train_mae=14.0µm | val overall=38.00µm  flank=33.09  adh=28.05  f+a=45.43  (n=301) (34.2s)
  [31/34] data=0.00033 phys=0.000330 train_mae=13.6µm | val overall=38.30µm  flank=33.39  adh=28.92  f+a=45.69  (n=301) (37.9s)
  [32/34] data=0.00032 phys=0.000341 train_mae=13.8µm | val overall=38.01µm  flank=33.18  adh=28.00  f+a=45.35  (n=301) (38.3s)
  [33/34] data=0.00031 phys=0.000337 train_mae=14.0µm | val overall=38.48µm  flank=33.98  adh=30.64  f+a=45.22  (n=301) (37.1s)
  [34/34] data=0.00030 phys=0.000327 train_mae=13.2µm | val overall=38.36µm  flank=33.88  adh=30.22  f+a=45.08  (n=301) (35.8s)

  --- Final results: vis_taylor_sym_l0.01_tslope_e34_s44 (best epoch 23) ---
  [val    ] overall=37.06µm  flank=32.11  adh=24.82  f+a=44.69  (n=301)
  [test   ] overall=20.83µm  flank=19.55  adh=35.34  f+a=21.46  (n=254)
done: vis_taylor_sym_l0.01_tslope_e34_s44
