=== 18 | t3gated_taylor_ceil_l0.1_tslope_e17_s42 ===
[_load_module] train_vision_sensor_base <- /gpfs/scratch1/shared/hionescu/project_pinn/pinnV2/../vision-sensor/improve_attempt/train_vision_sensorV2.py
[_load_module] taylor_physics_loss <- /gpfs/scratch1/shared/hionescu/project_pinn/pinnV2/taylor_physics_loss.py
Device cuda | seed 42 | epochs 17 | out /gpfs/scratch1/shared/hionescu/project_pinn/pinnV2/runs/confirm/stage3_fusion

================================================================================
  STAGE 3 FUSION: t3gated_taylor_ceil_l0.1_tslope_e17_s42
  base=t3_gated_top25_md30 (fusion=gated, features=top25, mdrop=0.3)
  physics: lambda_max=0.1 warmup=2 apply_to=all one_sided=True taylor_slope=True
================================================================================
[MATWIMultimodalDataset] split=train | set_range=1-13 | norm=dataset | augment=False | n_samples=647 | wear_cap=450.0µm | feature_set=top25 (25 features) | scaler=None

  Fitting sensor scaler on 647 training samples...
[fit_sensor_scaler] Extracting features for 647 samples...
  100/647
  200/647
  300/647
  400/647
  500/647
  600/647
[fit_sensor_scaler] Done. Feature stats after standardisation:
  mean range : [-0.0000, 0.0000]  (should be ~0)
  std  range : [1.0000, 1.0000]  (should be ~1)
[MATWIMultimodalDataset] split=val | set_range=1-13 | norm=dataset | augment=False | n_samples=300 | wear_cap=450.0µm | feature_set=top25 (25 features) | scaler=fitted
[MATWIMultimodalDataset] split=test | set_range=1-13 | norm=dataset | augment=False | n_samples=247 | wear_cap=450.0µm | feature_set=top25 (25 features) | scaler=fitted
  Loaders: train: 647  |  val: 300  |  test: 247
[SensorScaler] Saved to /gpfs/scratch1/shared/hionescu/project_pinn/pinnV2/runs/confirm/stage3_fusion/t3gated_taylor_ceil_l0.1_tslope_e17_s42/sensor_scaler.pkl
[MATWIMultimodalModel] fusion=gated | n_sensor_feat=25 | modality_dropout_p=0.3 | pretrained=True
  Total params    : 20,186,002
  Trainable params: 20,186,002
  PhysicsLoss: [CK45(n=0.25,C=765.8101), RVS 304(n=0.2,C=328.1426)] lambda_max=0.1 warmup=2 window=(0.15,0.85) apply_to=all one_sided=True taylor_slope=True
  [01/17] data=0.08095 phys=0.001459 gate=0.451 train_mae=120.1µm | val overall=109.03µm  flank=128.02  adh=90.75  f+a=83.83  (n=300) (76.8s)
    ✓ new best val_mae=109.03µm
  [02/17] data=0.01174 phys=0.000475 gate=0.494 train_mae=69.3µm | val overall=75.67µm  flank=90.77  adh=79.77  f+a=54.56  (n=300) (42.6s)
    ✓ new best val_mae=75.67µm
  [03/17] data=0.00499 phys=0.000291 gate=0.446 train_mae=50.1µm | val overall=43.33µm  flank=40.35  adh=23.23  f+a=48.59  (n=300) (46.3s)
    ✓ new best val_mae=43.33µm
  [04/17] data=0.00332 phys=0.000212 gate=0.426 train_mae=42.1µm | val overall=40.12µm  flank=41.04  adh=30.29  f+a=39.41  (n=300) (45.2s)
    ✓ new best val_mae=40.12µm
  [05/17] data=0.00234 phys=0.000174 gate=0.420 train_mae=35.8µm | val overall=46.52µm  flank=44.37  adh=11.26  f+a=51.49  (n=300) (41.3s)
  [06/17] data=0.00206 phys=0.000168 gate=0.418 train_mae=33.0µm | val overall=38.28µm  flank=36.12  adh=12.64  f+a=42.73  (n=300) (49.8s)
    ✓ new best val_mae=38.28µm
  [07/17] data=0.00151 phys=0.000121 gate=0.417 train_mae=30.5µm | val overall=39.34µm  flank=38.03  adh=27.68  f+a=41.82  (n=300) (49.7s)
  [08/17] data=0.00128 phys=0.000118 gate=0.423 train_mae=27.4µm | val overall=40.51µm  flank=42.54  adh=38.10  f+a=37.83  (n=300) (47.0s)
  [09/17] data=0.00101 phys=0.000119 gate=0.420 train_mae=24.4µm | val overall=38.91µm  flank=37.79  adh=29.50  f+a=41.00  (n=300) (50.3s)
  [10/17] data=0.00096 phys=0.000123 gate=0.427 train_mae=23.5µm | val overall=41.58µm  flank=43.75  adh=41.87  f+a=38.56  (n=300) (46.2s)
  [11/17] data=0.00119 phys=0.000119 gate=0.423 train_mae=25.7µm | val overall=41.15µm  flank=38.42  adh=21.27  f+a=46.05  (n=300) (51.3s)
  [12/17] data=0.00095 phys=0.000098 gate=0.425 train_mae=22.4µm | val overall=42.34µm  flank=37.84  adh=17.27  f+a=49.97  (n=300) (50.2s)
  [13/17] data=0.00078 phys=0.000124 gate=0.424 train_mae=21.5µm | val overall=41.43µm  flank=43.38  adh=45.25  f+a=38.52  (n=300) (48.4s)
  [14/17] data=0.00074 phys=0.000111 gate=0.424 train_mae=20.6µm | val overall=37.87µm  flank=35.90  adh=26.44  f+a=41.24  (n=300) (52.8s)
    ✓ new best val_mae=37.87µm
  [15/17] data=0.00072 phys=0.000107 gate=0.425 train_mae=20.5µm | val overall=38.81µm  flank=35.99  adh=16.14  f+a=44.00  (n=300) (52.1s)
  [16/17] data=0.00077 phys=0.000115 gate=0.419 train_mae=20.8µm | val overall=38.78µm  flank=38.89  adh=30.90  f+a=39.08  (n=300) (51.6s)
  [17/17] data=0.00055 phys=0.000123 gate=0.420 train_mae=18.0µm | val overall=38.39µm  flank=34.85  adh=18.37  f+a=44.41  (n=300) (51.4s)

  --- Final results: t3gated_taylor_ceil_l0.1_tslope_e17_s42 (best epoch 14) ---
  [val    ] overall=37.87µm  flank=35.90  adh=26.44  f+a=41.24  (n=300)
  [test   ] overall=21.64µm  flank=18.65  adh=39.49  f+a=28.36  (n=247)
done: t3gated_taylor_ceil_l0.1_tslope_e17_s42
