=== 5 | vis_taylor_sym_l0.05_tslope_e17_s44 ===
Device cuda | seed 44 | out /gpfs/scratch1/shared/hionescu/project_pinn/pinnV2/runs/confirm/stage3_vision

================================================================================
  STAGE 3: vis_taylor_sym_l0.05_tslope_e17_s44  (backbone=efficientnetv2_s, data_loss=mse)
  physics: lambda_max=0.05 warmup=2 apply_to=all one_sided=False taylor_slope=True
================================================================================
[MATWIVisionDataset] split=train | set_range=1-13 | norm=dataset | augment=False | n_samples=664 | wear_cap=450.0µm | impute_zero=False
[MATWIVisionDataset] split=val | set_range=1-13 | norm=dataset | augment=False | n_samples=301 | wear_cap=450.0µm | impute_zero=False
[MATWIVisionDataset] split=test | set_range=1-13 | norm=dataset | augment=False | n_samples=254 | wear_cap=450.0µm | impute_zero=False
[MATWIVisionDataset] split=unseen | set_range=1-13 | norm=dataset | augment=False | n_samples=0 | wear_cap=450.0µm | impute_zero=False
  [warn] split='unseen' empty, skipping.
  Loaders: train: 664  |  val: 301  |  test: 254
[MATWIVisionModel] backbone=efficientnetv2_s | head=simple | feat_dim=1280 | pretrained=True
  Total params    : 20,178,769
  Trainable params: 20,178,769
  PhysicsLoss: [CK45(n=0.25,C=765.8101), RVS 304(n=0.2,C=328.1426)] lambda_max=0.05 warmup=2 window=(0.15,0.85) apply_to=all one_sided=False taylor_slope=True
  [01/17] data=0.11352 phys=0.002824 train_mae=155.4µm | val overall=102.62µm  flank=108.17  adh=49.79  f+a=98.40  (n=301) (72.3s)
    ✓ new best val_mae=102.62µm
  [02/17] data=0.07944 phys=0.004167 train_mae=126.5µm | val overall=89.50µm  flank=95.11  adh=70.80  f+a=82.97  (n=301) (37.6s)
    ✓ new best val_mae=89.50µm
  [03/17] data=0.03081 phys=0.001423 train_mae=96.5µm | val overall=68.00µm  flank=69.58  adh=41.61  f+a=67.53  (n=301) (36.1s)
    ✓ new best val_mae=68.00µm
  [04/17] data=0.00700 phys=0.000395 train_mae=57.6µm | val overall=44.62µm  flank=40.60  adh=11.98  f+a=52.29  (n=301) (34.2s)
    ✓ new best val_mae=44.62µm
  [05/17] data=0.00348 phys=0.000211 train_mae=41.9µm | val overall=40.73µm  flank=38.02  adh=39.58  f+a=44.54  (n=301) (33.4s)
    ✓ new best val_mae=40.73µm
  [06/17] data=0.00250 phys=0.000179 train_mae=37.0µm | val overall=44.01µm  flank=41.71  adh=42.78  f+a=47.27  (n=301) (33.9s)
  [07/17] data=0.00266 phys=0.000164 train_mae=37.4µm | val overall=39.22µm  flank=35.72  adh=15.31  f+a=45.61  (n=301) (33.9s)
    ✓ new best val_mae=39.22µm
  [08/17] data=0.00187 phys=0.000160 train_mae=32.0µm | val overall=41.60µm  flank=39.99  adh=31.58  f+a=44.49  (n=301) (36.8s)
  [09/17] data=0.00161 phys=0.000143 train_mae=30.2µm | val overall=41.13µm  flank=37.40  adh=22.67  f+a=47.48  (n=301) (38.6s)
  [10/17] data=0.00135 phys=0.000105 train_mae=27.4µm | val overall=39.26µm  flank=36.24  adh=24.84  f+a=44.38  (n=301) (37.7s)
  [11/17] data=0.00113 phys=0.000139 train_mae=25.6µm | val overall=38.95µm  flank=35.22  adh=23.35  f+a=45.12  (n=301) (37.7s)
    ✓ new best val_mae=38.95µm
  [12/17] data=0.00111 phys=0.000103 train_mae=25.3µm | val overall=37.94µm  flank=33.09  adh=14.80  f+a=46.15  (n=301) (37.3s)
    ✓ new best val_mae=37.94µm
  [13/17] data=0.00094 phys=0.000129 train_mae=23.3µm | val overall=40.28µm  flank=36.28  adh=25.35  f+a=46.77  (n=301) (37.3s)
  [14/17] data=0.00084 phys=0.000106 train_mae=23.0µm | val overall=39.40µm  flank=34.53  adh=23.00  f+a=47.19  (n=301) (36.9s)
  [15/17] data=0.00084 phys=0.000100 train_mae=22.4µm | val overall=37.81µm  flank=32.80  adh=17.07  f+a=46.08  (n=301) (36.0s)
    ✓ new best val_mae=37.81µm
  [16/17] data=0.00091 phys=0.000119 train_mae=23.1µm | val overall=38.30µm  flank=33.39  adh=21.07  f+a=46.20  (n=301) (36.4s)
  [17/17] data=0.00083 phys=0.000110 train_mae=21.4µm | val overall=38.60µm  flank=33.36  adh=20.91  f+a=46.98  (n=301) (38.1s)

  --- Final results: vis_taylor_sym_l0.05_tslope_e17_s44 (best epoch 15) ---
  [val    ] overall=37.81µm  flank=32.80  adh=17.07  f+a=46.08  (n=301)
  [test   ] overall=20.54µm  flank=18.57  adh=37.29  f+a=23.35  (n=254)
done: vis_taylor_sym_l0.05_tslope_e17_s44
