=== 9 | t3gated_taylor_ceil_l0.75_tslope_e17_s42 ===
[_load_module] train_vision_sensor_base <- /gpfs/scratch1/shared/hionescu/project_pinn/pinnV2/../vision-sensor/improve_attempt/train_vision_sensorV2.py
[_load_module] taylor_physics_loss <- /gpfs/scratch1/shared/hionescu/project_pinn/pinnV2/taylor_physics_loss.py
Device cuda | seed 42 | epochs 17 | out /gpfs/scratch1/shared/hionescu/project_pinn/pinnV2/runs/confirm/stage3_fusion

================================================================================
  STAGE 3 FUSION: t3gated_taylor_ceil_l0.75_tslope_e17_s42
  base=t3_gated_top25_md30 (fusion=gated, features=top25, mdrop=0.3)
  physics: lambda_max=0.75 warmup=2 apply_to=all one_sided=True taylor_slope=True
================================================================================
[MATWIMultimodalDataset] split=train | set_range=1-13 | norm=dataset | augment=False | n_samples=647 | wear_cap=450.0µm | feature_set=top25 (25 features) | scaler=None

  Fitting sensor scaler on 647 training samples...
[fit_sensor_scaler] Extracting features for 647 samples...
  100/647
  200/647
  300/647
  400/647
  500/647
  600/647
[fit_sensor_scaler] Done. Feature stats after standardisation:
  mean range : [-0.0000, 0.0000]  (should be ~0)
  std  range : [1.0000, 1.0000]  (should be ~1)
[MATWIMultimodalDataset] split=val | set_range=1-13 | norm=dataset | augment=False | n_samples=300 | wear_cap=450.0µm | feature_set=top25 (25 features) | scaler=fitted
[MATWIMultimodalDataset] split=test | set_range=1-13 | norm=dataset | augment=False | n_samples=247 | wear_cap=450.0µm | feature_set=top25 (25 features) | scaler=fitted
  Loaders: train: 647  |  val: 300  |  test: 247
[SensorScaler] Saved to /gpfs/scratch1/shared/hionescu/project_pinn/pinnV2/runs/confirm/stage3_fusion/t3gated_taylor_ceil_l0.75_tslope_e17_s42/sensor_scaler.pkl
[MATWIMultimodalModel] fusion=gated | n_sensor_feat=25 | modality_dropout_p=0.3 | pretrained=True
  Total params    : 20,186,002
  Trainable params: 20,186,002
  PhysicsLoss: [CK45(n=0.25,C=765.8101), RVS 304(n=0.2,C=328.1426)] lambda_max=0.75 warmup=2 window=(0.15,0.85) apply_to=all one_sided=True taylor_slope=True
  [01/17] data=0.07919 phys=0.009013 gate=0.454 train_mae=114.7µm | val overall=93.53µm  flank=100.08  adh=33.18  f+a=87.91  (n=300) (80.0s)
    ✓ new best val_mae=93.53µm
  [02/17] data=0.01215 phys=0.002474 gate=0.493 train_mae=67.5µm | val overall=62.22µm  flank=70.34  adh=65.49  f+a=50.80  (n=300) (52.8s)
    ✓ new best val_mae=62.22µm
  [03/17] data=0.00530 phys=0.001436 gate=0.433 train_mae=51.4µm | val overall=48.22µm  flank=41.61  adh=17.17  f+a=59.11  (n=300) (55.2s)
    ✓ new best val_mae=48.22µm
  [04/17] data=0.00356 phys=0.000855 gate=0.419 train_mae=42.4µm | val overall=40.75µm  flank=37.62  adh=27.73  f+a=45.81  (n=300) (52.4s)
    ✓ new best val_mae=40.75µm
  [05/17] data=0.00235 phys=0.000727 gate=0.409 train_mae=35.5µm | val overall=50.16µm  flank=43.64  adh=14.61  f+a=61.18  (n=300) (51.9s)
  [06/17] data=0.00207 phys=0.000608 gate=0.411 train_mae=32.9µm | val overall=42.47µm  flank=39.86  adh=14.62  f+a=47.65  (n=300) (55.6s)
  [07/17] data=0.00185 phys=0.000473 gate=0.405 train_mae=32.4µm | val overall=39.24µm  flank=36.26  adh=26.68  f+a=44.08  (n=300) (54.2s)
    ✓ new best val_mae=39.24µm
  [08/17] data=0.00168 phys=0.000482 gate=0.415 train_mae=30.0µm | val overall=41.41µm  flank=42.37  adh=36.73  f+a=40.36  (n=300) (50.3s)
  [09/17] data=0.00130 phys=0.000437 gate=0.408 train_mae=26.6µm | val overall=39.34µm  flank=36.23  adh=27.62  f+a=44.30  (n=300) (55.2s)
  [10/17] data=0.00122 phys=0.000403 gate=0.413 train_mae=26.0µm | val overall=42.46µm  flank=41.99  adh=34.88  f+a=43.54  (n=300) (58.5s)
  [11/17] data=0.00135 phys=0.000390 gate=0.414 train_mae=26.3µm | val overall=42.43µm  flank=37.22  adh=16.02  f+a=51.14  (n=300) (52.5s)
  [12/17] data=0.00119 phys=0.000294 gate=0.411 train_mae=24.5µm | val overall=42.39µm  flank=37.13  adh=14.73  f+a=51.23  (n=300) (52.6s)
  [13/17] data=0.00125 phys=0.000460 gate=0.415 train_mae=26.1µm | val overall=38.62µm  flank=37.02  adh=30.95  f+a=41.26  (n=300) (60.3s)
    ✓ new best val_mae=38.62µm
  [14/17] data=0.00106 phys=0.000390 gate=0.411 train_mae=22.6µm | val overall=40.35µm  flank=35.79  adh=29.28  f+a=47.30  (n=300) (58.9s)
  [15/17] data=0.00106 phys=0.000302 gate=0.409 train_mae=23.3µm | val overall=39.17µm  flank=34.30  adh=19.76  f+a=47.01  (n=300) (59.0s)
  [16/17] data=0.00086 phys=0.000353 gate=0.410 train_mae=21.2µm | val overall=38.13µm  flank=33.23  adh=18.54  f+a=46.01  (n=300) (57.5s)
    ✓ new best val_mae=38.13µm
  [17/17] data=0.00083 phys=0.000375 gate=0.409 train_mae=20.4µm | val overall=37.53µm  flank=31.82  adh=17.72  f+a=46.54  (n=300) (56.8s)
    ✓ new best val_mae=37.53µm

  --- Final results: t3gated_taylor_ceil_l0.75_tslope_e17_s42 (best epoch 17) ---
  [val    ] overall=37.53µm  flank=31.82  adh=17.72  f+a=46.54  (n=300)
  [test   ] overall=18.92µm  flank=17.48  adh=39.19  f+a=18.18  (n=247)
done: t3gated_taylor_ceil_l0.75_tslope_e17_s42
