=== 23 | t3gated_taylor_ceil_l0.5_tslope_e17_s44 ===
[_load_module] train_vision_sensor_base <- /gpfs/scratch1/shared/hionescu/project_pinn/pinnV3/../vision-sensor/improve_attempt/train_vision_sensorV2.py
[_load_module] taylor_physics_loss <- /gpfs/scratch1/shared/hionescu/project_pinn/pinnV3/taylor_physics_loss.py
Device cuda | seed 44 | out /gpfs/scratch1/shared/hionescu/project_pinn/pinnV3/runs/confirm/stage3_fusion

================================================================================
  STAGE 3 FUSION: t3gated_taylor_ceil_l0.5_tslope_e17_s44
  base=t3_gated_top25_md30 (fusion=gated, features=top25, mdrop=0.3)
  physics: lambda_max=0.5 warmup=2 apply_to=all one_sided=True taylor_slope=True
================================================================================
[MATWIMultimodalDataset] split=train | set_range=1-13 | norm=dataset | augment=False | n_samples=647 | wear_cap=450.0µm | feature_set=top25 (25 features) | scaler=None

  Fitting sensor scaler on 647 training samples...
[fit_sensor_scaler] Extracting features for 647 samples...
  100/647
  200/647
  300/647
  400/647
  500/647
  600/647
[fit_sensor_scaler] Done. Feature stats after standardisation:
  mean range : [-0.0000, 0.0000]  (should be ~0)
  std  range : [1.0000, 1.0000]  (should be ~1)
[MATWIMultimodalDataset] split=val | set_range=1-13 | norm=dataset | augment=False | n_samples=300 | wear_cap=450.0µm | feature_set=top25 (25 features) | scaler=fitted
[MATWIMultimodalDataset] split=test | set_range=1-13 | norm=dataset | augment=False | n_samples=247 | wear_cap=450.0µm | feature_set=top25 (25 features) | scaler=fitted
  Loaders: train: 647  |  val: 300  |  test: 247
[SensorScaler] Saved to /gpfs/scratch1/shared/hionescu/project_pinn/pinnV3/runs/confirm/stage3_fusion/t3gated_taylor_ceil_l0.5_tslope_e17_s44/sensor_scaler.pkl
[MATWIMultimodalModel] fusion=gated | n_sensor_feat=25 | modality_dropout_p=0.3 | pretrained=True
  Total params    : 20,186,002
  Trainable params: 20,186,002
  PhysicsLoss: [CK45(n=-0.0466,C=30.6723), RVS 304(n=-1.6711,C=4.6445)] lambda_max=0.5 warmup=2 window=(0.15,0.85) apply_to=all one_sided=True taylor_slope=True
  [01/17] data=0.06952 phys=0.006218 gate=0.530 train_mae=105.5µm | val overall=96.44µm  flank=82.60  adh=64.98  f+a=117.35  (n=300) (70.2s)
    ✓ new best val_mae=96.44µm
  [02/17] data=0.00660 phys=0.001948 gate=0.473 train_mae=55.8µm | val overall=73.41µm  flank=53.75  adh=9.88  f+a=104.19  (n=300) (47.9s)
    ✓ new best val_mae=73.41µm
  [03/17] data=0.00372 phys=0.001817 gate=0.426 train_mae=45.0µm | val overall=64.09µm  flank=47.27  adh=15.99  f+a=90.08  (n=300) (44.9s)
    ✓ new best val_mae=64.09µm
  [04/17] data=0.00337 phys=0.001280 gate=0.425 train_mae=40.5µm | val overall=65.77µm  flank=50.91  adh=17.46  f+a=89.06  (n=300) (45.1s)
  [05/17] data=0.00286 phys=0.001426 gate=0.408 train_mae=37.8µm | val overall=68.75µm  flank=51.24  adh=22.27  f+a=95.61  (n=300) (45.6s)
  [06/17] data=0.00233 phys=0.001375 gate=0.403 train_mae=33.9µm | val overall=64.52µm  flank=47.53  adh=14.60  f+a=90.85  (n=300) (46.1s)
  [07/17] data=0.00246 phys=0.001132 gate=0.385 train_mae=34.6µm | val overall=64.50µm  flank=48.00  adh=17.02  f+a=90.01  (n=300) (49.7s)
  [08/17] data=0.00169 phys=0.001312 gate=0.390 train_mae=29.8µm | val overall=58.49µm  flank=44.50  adh=12.15  f+a=80.46  (n=300) (49.6s)
    ✓ new best val_mae=58.49µm
  [09/17] data=0.00188 phys=0.001117 gate=0.399 train_mae=29.4µm | val overall=60.98µm  flank=51.62  adh=20.39  f+a=76.24  (n=300) (49.5s)
  [10/17] data=0.00161 phys=0.001159 gate=0.407 train_mae=27.1µm | val overall=62.56µm  flank=48.93  adh=13.83  f+a=84.18  (n=300) (49.6s)
  [11/17] data=0.00163 phys=0.001164 gate=0.407 train_mae=26.4µm | val overall=59.11µm  flank=46.88  adh=11.44  f+a=78.74  (n=300) (63.3s)
  [12/17] data=0.00164 phys=0.001031 gate=0.402 train_mae=26.6µm | val overall=60.30µm  flank=46.40  adh=12.23  f+a=82.25  (n=300) (59.4s)
  [13/17] data=0.00159 phys=0.001131 gate=0.394 train_mae=26.6µm | val overall=56.83µm  flank=47.80  adh=17.13  f+a=71.57  (n=300) (66.8s)
    ✓ new best val_mae=56.83µm
  [14/17] data=0.00141 phys=0.001003 gate=0.399 train_mae=24.0µm | val overall=56.81µm  flank=44.47  adh=12.77  f+a=76.37  (n=300) (50.6s)
    ✓ new best val_mae=56.81µm
  [15/17] data=0.00144 phys=0.001079 gate=0.402 train_mae=24.2µm | val overall=55.39µm  flank=48.02  adh=22.73  f+a=67.44  (n=300) (50.7s)
    ✓ new best val_mae=55.39µm
  [16/17] data=0.00138 phys=0.001084 gate=0.392 train_mae=24.1µm | val overall=54.52µm  flank=45.84  adh=16.41  f+a=68.69  (n=300) (71.0s)
    ✓ new best val_mae=54.52µm
  [17/17] data=0.00135 phys=0.001087 gate=0.398 train_mae=23.4µm | val overall=57.14µm  flank=43.69  adh=11.81  f+a=78.29  (n=300) (51.3s)

  --- Final results: t3gated_taylor_ceil_l0.5_tslope_e17_s44 (best epoch 16) ---
  [val    ] overall=54.52µm  flank=45.84  adh=16.41  f+a=68.69  (n=300)
  [test   ] overall=24.27µm  flank=19.02  adh=36.61  f+a=42.46  (n=247)
done: t3gated_taylor_ceil_l0.5_tslope_e17_s44
