=== 2 | vision_only_ctrl_e17_s44 ===
Device cuda | seed 44 | out /gpfs/scratch1/shared/hionescu/project_pinn/pinnV3/runs/confirm/stage3_vision

================================================================================
  STAGE 3: vision_only_ctrl_e17_s44  (backbone=efficientnetv2_s, data_loss=mse)
  physics: lambda_max=0.0 warmup=4 apply_to=all one_sided=False taylor_slope=False
================================================================================
[MATWIVisionDataset] split=train | set_range=1-13 | norm=dataset | augment=False | n_samples=664 | wear_cap=450.0µm | impute_zero=False
[MATWIVisionDataset] split=val | set_range=1-13 | norm=dataset | augment=False | n_samples=301 | wear_cap=450.0µm | impute_zero=False
[MATWIVisionDataset] split=test | set_range=1-13 | norm=dataset | augment=False | n_samples=254 | wear_cap=450.0µm | impute_zero=False
[MATWIVisionDataset] split=unseen | set_range=1-13 | norm=dataset | augment=False | n_samples=0 | wear_cap=450.0µm | impute_zero=False
  [warn] split='unseen' empty, skipping.
  Loaders: train: 664  |  val: 301  |  test: 254
[MATWIVisionModel] backbone=efficientnetv2_s | head=simple | feat_dim=1280 | pretrained=True
  Total params    : 20,178,769
  Trainable params: 20,178,769
  PhysicsLoss: [CK45(n=-0.0466,C=30.6723), RVS 304(n=-1.6711,C=4.6445)] lambda_max=0.0 warmup=4 window=(0.15,0.85) apply_to=all one_sided=False taylor_slope=False
  [01/17] data=0.11351 phys=0.000000 train_mae=155.2µm | val overall=102.55µm  flank=108.04  adh=48.74  f+a=98.46  (n=301) (70.6s)
    ✓ new best val_mae=102.55µm
  [02/17] data=0.07963 phys=0.000000 train_mae=126.5µm | val overall=89.61µm  flank=95.73  adh=71.10  f+a=82.37  (n=301) (39.3s)
    ✓ new best val_mae=89.61µm
  [03/17] data=0.03082 phys=0.000000 train_mae=96.5µm | val overall=66.07µm  flank=67.45  adh=38.32  f+a=65.98  (n=301) (37.3s)
    ✓ new best val_mae=66.07µm
  [04/17] data=0.00709 phys=0.000000 train_mae=58.1µm | val overall=45.10µm  flank=41.27  adh=13.01  f+a=52.49  (n=301) (38.9s)
    ✓ new best val_mae=45.10µm
  [05/17] data=0.00346 phys=0.000000 train_mae=41.6µm | val overall=39.49µm  flank=36.30  adh=36.00  f+a=44.12  (n=301) (38.5s)
    ✓ new best val_mae=39.49µm
  [06/17] data=0.00250 phys=0.000000 train_mae=36.9µm | val overall=42.67µm  flank=40.32  adh=41.73  f+a=45.98  (n=301) (38.5s)
  [07/17] data=0.00268 phys=0.000000 train_mae=37.4µm | val overall=39.05µm  flank=35.78  adh=16.78  f+a=45.02  (n=301) (39.2s)
    ✓ new best val_mae=39.05µm
  [08/17] data=0.00189 phys=0.000000 train_mae=32.0µm | val overall=41.61µm  flank=40.43  adh=34.08  f+a=43.74  (n=301) (34.6s)
  [09/17] data=0.00163 phys=0.000000 train_mae=30.2µm | val overall=40.63µm  flank=37.38  adh=23.51  f+a=46.24  (n=301) (39.3s)
  [10/17] data=0.00138 phys=0.000000 train_mae=27.7µm | val overall=39.06µm  flank=36.47  adh=26.23  f+a=43.48  (n=301) (38.9s)
  [11/17] data=0.00117 phys=0.000000 train_mae=25.8µm | val overall=38.55µm  flank=34.99  adh=23.18  f+a=44.48  (n=301) (34.6s)
    ✓ new best val_mae=38.55µm
  [12/17] data=0.00112 phys=0.000000 train_mae=25.5µm | val overall=37.90µm  flank=33.41  adh=17.23  f+a=45.45  (n=301) (37.6s)
    ✓ new best val_mae=37.90µm
  [13/17] data=0.00097 phys=0.000000 train_mae=23.6µm | val overall=40.09µm  flank=36.41  adh=26.97  f+a=46.03  (n=301) (34.1s)
  [14/17] data=0.00086 phys=0.000000 train_mae=23.2µm | val overall=39.03µm  flank=34.49  adh=23.83  f+a=46.30  (n=301) (39.0s)
  [15/17] data=0.00085 phys=0.000000 train_mae=22.6µm | val overall=37.64µm  flank=32.97  adh=17.98  f+a=45.38  (n=301) (37.6s)
    ✓ new best val_mae=37.64µm
  [16/17] data=0.00092 phys=0.000000 train_mae=23.3µm | val overall=37.96µm  flank=33.34  adh=21.64  f+a=45.41  (n=301) (34.6s)
  [17/17] data=0.00084 phys=0.000000 train_mae=21.6µm | val overall=38.27µm  flank=33.33  adh=21.38  f+a=46.20  (n=301) (33.2s)

  --- Final results: vision_only_ctrl_e17_s44 (best epoch 15) ---
  [val    ] overall=37.64µm  flank=32.97  adh=17.98  f+a=45.38  (n=301)
  [test   ] overall=20.66µm  flank=18.67  adh=37.43  f+a=23.51  (n=254)
done: vision_only_ctrl_e17_s44
