=== 13 | t3gated_ctrl_e17_s43 ===
[_load_module] train_vision_sensor_base <- /gpfs/scratch1/shared/hionescu/project_pinn/pinnV3/../vision-sensor/improve_attempt/train_vision_sensorV2.py
[_load_module] taylor_physics_loss <- /gpfs/scratch1/shared/hionescu/project_pinn/pinnV3/taylor_physics_loss.py
Device cuda | seed 43 | out /gpfs/scratch1/shared/hionescu/project_pinn/pinnV3/runs/confirm/stage3_fusion

================================================================================
  STAGE 3 FUSION: t3gated_ctrl_e17_s43
  base=t3_gated_top25_md30 (fusion=gated, features=top25, mdrop=0.3)
  physics: lambda_max=0.0 warmup=4 apply_to=all one_sided=False taylor_slope=False
================================================================================
[MATWIMultimodalDataset] split=train | set_range=1-13 | norm=dataset | augment=False | n_samples=647 | wear_cap=450.0µm | feature_set=top25 (25 features) | scaler=None

  Fitting sensor scaler on 647 training samples...
[fit_sensor_scaler] Extracting features for 647 samples...
  100/647
  200/647
  300/647
  400/647
  500/647
  600/647
[fit_sensor_scaler] Done. Feature stats after standardisation:
  mean range : [-0.0000, 0.0000]  (should be ~0)
  std  range : [1.0000, 1.0000]  (should be ~1)
[MATWIMultimodalDataset] split=val | set_range=1-13 | norm=dataset | augment=False | n_samples=300 | wear_cap=450.0µm | feature_set=top25 (25 features) | scaler=fitted
[MATWIMultimodalDataset] split=test | set_range=1-13 | norm=dataset | augment=False | n_samples=247 | wear_cap=450.0µm | feature_set=top25 (25 features) | scaler=fitted
  Loaders: train: 647  |  val: 300  |  test: 247
[SensorScaler] Saved to /gpfs/scratch1/shared/hionescu/project_pinn/pinnV3/runs/confirm/stage3_fusion/t3gated_ctrl_e17_s43/sensor_scaler.pkl
[MATWIMultimodalModel] fusion=gated | n_sensor_feat=25 | modality_dropout_p=0.3 | pretrained=True
  Total params    : 20,186,002
  Trainable params: 20,186,002
  PhysicsLoss: [CK45(n=-0.0466,C=30.6723), RVS 304(n=-1.6711,C=4.6445)] lambda_max=0.0 warmup=4 window=(0.15,0.85) apply_to=all one_sided=False taylor_slope=False
  [01/17] data=0.06715 phys=0.000000 gate=0.439 train_mae=118.5µm | val overall=85.15µm  flank=72.39  adh=39.00  f+a=105.40  (n=300) (80.1s)
    ✓ new best val_mae=85.15µm
  [02/17] data=0.00704 phys=0.000000 gate=0.530 train_mae=57.2µm | val overall=69.77µm  flank=62.23  adh=19.18  f+a=83.08  (n=300) (46.3s)
    ✓ new best val_mae=69.77µm
  [03/17] data=0.00337 phys=0.000000 gate=0.500 train_mae=39.9µm | val overall=50.56µm  flank=43.29  adh=18.88  f+a=62.41  (n=300) (49.0s)
    ✓ new best val_mae=50.56µm
  [04/17] data=0.00203 phys=0.000000 gate=0.452 train_mae=33.2µm | val overall=43.38µm  flank=39.62  adh=31.46  f+a=49.26  (n=300) (41.3s)
    ✓ new best val_mae=43.38µm
  [05/17] data=0.00160 phys=0.000000 gate=0.433 train_mae=30.8µm | val overall=42.93µm  flank=37.80  adh=25.53  f+a=51.02  (n=300) (45.7s)
    ✓ new best val_mae=42.93µm
  [06/17] data=0.00119 phys=0.000000 gate=0.432 train_mae=25.9µm | val overall=42.75µm  flank=38.12  adh=25.67  f+a=50.13  (n=300) (45.4s)
    ✓ new best val_mae=42.75µm
  [07/17] data=0.00111 phys=0.000000 gate=0.432 train_mae=25.3µm | val overall=47.79µm  flank=46.22  adh=14.12  f+a=51.87  (n=300) (47.4s)
  [08/17] data=0.00108 phys=0.000000 gate=0.435 train_mae=25.5µm | val overall=54.24µm  flank=54.30  adh=11.12  f+a=56.60  (n=300) (45.3s)
  [09/17] data=0.00072 phys=0.000000 gate=0.431 train_mae=20.5µm | val overall=41.47µm  flank=36.88  adh=27.75  f+a=48.59  (n=300) (39.9s)
    ✓ new best val_mae=41.47µm
  [10/17] data=0.00085 phys=0.000000 gate=0.424 train_mae=21.4µm | val overall=43.38µm  flank=41.71  adh=18.62  f+a=47.11  (n=300) (40.6s)
  [11/17] data=0.00079 phys=0.000000 gate=0.427 train_mae=20.6µm | val overall=41.95µm  flank=36.92  adh=35.24  f+a=49.29  (n=300) (45.3s)
  [12/17] data=0.00052 phys=0.000000 gate=0.422 train_mae=16.7µm | val overall=40.69µm  flank=35.90  adh=34.46  f+a=47.65  (n=300) (45.6s)
    ✓ new best val_mae=40.69µm
  [13/17] data=0.00049 phys=0.000000 gate=0.419 train_mae=16.8µm | val overall=38.88µm  flank=35.80  adh=27.03  f+a=43.81  (n=300) (45.9s)
    ✓ new best val_mae=38.88µm
  [14/17] data=0.00050 phys=0.000000 gate=0.415 train_mae=16.5µm | val overall=41.33µm  flank=41.81  adh=12.55  f+a=42.30  (n=300) (49.4s)
  [15/17] data=0.00042 phys=0.000000 gate=0.413 train_mae=15.6µm | val overall=38.77µm  flank=36.18  adh=21.16  f+a=43.36  (n=300) (49.6s)
    ✓ new best val_mae=38.77µm
  [16/17] data=0.00044 phys=0.000000 gate=0.411 train_mae=16.3µm | val overall=39.79µm  flank=34.49  adh=33.70  f+a=47.45  (n=300) (49.5s)
  [17/17] data=0.00059 phys=0.000000 gate=0.413 train_mae=19.2µm | val overall=43.28µm  flank=37.84  adh=41.12  f+a=50.92  (n=300) (49.6s)

  --- Final results: t3gated_ctrl_e17_s43 (best epoch 15) ---
  [val    ] overall=38.77µm  flank=36.18  adh=21.16  f+a=43.36  (n=300)
  [test   ] overall=19.97µm  flank=17.51  adh=29.59  f+a=27.24  (n=247)
done: t3gated_ctrl_e17_s43
